
==> Resetting TBF on eno1

==> Applying TBF: rate=750Mbit burst=12500b limit=25000b

==> Initializing my_cca with CWND limit 19

==> Initializing my_cca with CWND: 19

==> Checking sudo access
This script may ask for your sudo password to sign, unload, and load the kernel module.

==> Checking whether my_cca is already loaded

==> Unloading existing my_cca

==> Building my_cca
make -C /lib/modules/5.15.0-179-generic/build M=/home/nal/NAL_edwin_sm/client_server/custom_cca modules
make[1]: Entering directory '/usr/src/linux-headers-5.15.0-179-generic'
make[1]: Leaving directory '/usr/src/linux-headers-5.15.0-179-generic'

==> Signing my_cca.ko

==> Loading my_cca.ko

==> Verifying TCP congestion control list
net.ipv4.tcp_allowed_congestion_control = reno cubic my_cca

Success: my_cca is loaded and available to the TCP stack.

==> Refreshing sudo access for background extractors

==> Starting server. Connect the client to 0.0.0.0:9000
Generating 1073741824 GB of zeros
Started log extractor with PID 2789044
Listening on 0.0.0.0:9000 ...
Client connected from ('192.168.88.253', 37538)
Set SO_MAX_PACING_RATE to 125000000 bytes/s (1000.00 Mbit/s)
Started R_arrival extractor with PID 2789292
Sent 1073741824 bytes in 12.35s (82.89 MiB/s)
After slow start: 82.90 MiB/s over 12.34s (bytes_acked)
Stopped R_arrival extractor
Stopped log extractor

==> Creating output directory /home/nal/NAL_edwin_sm/client_server/DB/1GB/1GB_37538_19

==> Filtering kernel log for 192.168.88.253:37538
Wrote 4941 matching rows to /home/nal/NAL_edwin_sm/client_server/DB/1GB/1GB_37538_19/filtered_context.csv

==> Extracting CSV summary
Wrote JSON summary for 4941 CSV rows to /home/nal/NAL_edwin_sm/client_server/DB/1GB/1GB_37538_19/ip_info.json

==> Creating CWND graph
/home/nal/NAL_edwin_sm/client_server/AnalysisPhase/extract_ip_cwnd.py:267: UserWarning: Creating legend with loc="best" can be slow with large amounts of data.
  fig.tight_layout()
/home/nal/NAL_edwin_sm/client_server/AnalysisPhase/extract_ip_cwnd.py:268: UserWarning: Creating legend with loc="best" can be slow with large amounts of data.
  fig.savefig(output_path, dpi=150)
Found 43 sharktooth edges with drop threshold 10
Average top cwnd: 19.00
Average bottom cwnd: 9.00
Saved graph with 500 samples from /home/nal/NAL_edwin_sm/client_server/DB/1GB/1GB_37538_19/filtered_context.csv to /home/nal/NAL_edwin_sm/client_server/DB/1GB/1GB_37538_19/cwnd_192_168_88_253_37538.png

==> Done
Results: /home/nal/NAL_edwin_sm/client_server/DB/1GB/1GB_37538_19
Client: 192.168.88.253:37538
Elapsed seconds: 12.35422420501709
Drop rate: 0.076300 (377/4941 loss_recovery rows)
Drop rate incl. fast retransmit: 0.223437 (1104/4941 loss_recovery + fast_retransmit rows)
post_slow_start_mbit_per_second: 695.416511
post_slow_start_mib_per_second: 82.900108
Server after slow start: After slow start: 82.90 MiB/s over 12.34s (bytes_acked)
