
==> Resetting TBF on eno1

==> Applying TBF: rate=500Mbit burst=25000b limit=93440b

==> Initializing my_cca with CWND limit 56

==> Initializing my_cca with CWND: 56

==> Checking sudo access
This script may ask for your sudo password to sign, unload, and load the kernel module.

==> Checking whether my_cca is already loaded

==> Unloading existing my_cca

==> Building my_cca
make -C /lib/modules/5.15.0-179-generic/build M=/home/nal/NAL_edwin_sm/client_server/custom_cca modules
make[1]: Entering directory '/usr/src/linux-headers-5.15.0-179-generic'
make[1]: Leaving directory '/usr/src/linux-headers-5.15.0-179-generic'

==> Signing my_cca.ko

==> Loading my_cca.ko

==> Verifying TCP congestion control list
net.ipv4.tcp_allowed_congestion_control = reno cubic my_cca

Success: my_cca is loaded and available to the TCP stack.

==> Refreshing sudo access for background extractors

==> Starting server. Connect the client to 0.0.0.0:9000
Generating 1073741824 GB of zeros
Started log extractor with PID 2922178
Listening on 0.0.0.0:9000 ...
Client connected from ('192.168.88.253', 52544)
Set SO_MAX_PACING_RATE to 125000000 bytes/s (1000.00 Mbit/s)
Started R_arrival extractor with PID 2922377
Sent 1073741824 bytes in 18.02s (56.81 MiB/s)
After cwnd cap reached: 56.80 MiB/s over 18.01s (bytes_acked)
Stopped R_arrival extractor
Stopped log extractor

==> Creating output directory /home/nal/NAL_edwin_sm/client_server/DB/1GB/1GB_52544_56

==> Filtering kernel log for 192.168.88.253:52544
Wrote 2007 matching rows to /home/nal/NAL_edwin_sm/client_server/DB/1GB/1GB_52544_56/filtered_context.csv

==> Extracting CSV summary
Wrote JSON summary for 2007 CSV rows to /home/nal/NAL_edwin_sm/client_server/DB/1GB/1GB_52544_56/ip_info.json

==> Creating CWND graph
Found 0 sharktooth edges with drop threshold 10
Average top cwnd: 0.00
Average bottom cwnd: 0.00
Saved graph with 500 samples from /home/nal/NAL_edwin_sm/client_server/DB/1GB/1GB_52544_56/filtered_context.csv to /home/nal/NAL_edwin_sm/client_server/DB/1GB/1GB_52544_56/cwnd_192_168_88_253_52544.png

==> Done
Results: /home/nal/NAL_edwin_sm/client_server/DB/1GB/1GB_52544_56
Client: 192.168.88.253:52544
Elapsed seconds: 18.024993419647217
Drop rate: 0.000000 (0/2007 loss_recovery rows)
Drop rate incl. fast retransmit: 0.000000 (0/2007 loss_recovery + fast_retransmit rows)
post_slow_start_mbit_per_second: 476.432162
post_slow_start_mib_per_second: 56.795140
Server throughput interval: After cwnd cap reached: 56.80 MiB/s over 18.01s (bytes_acked)
