
==> Resetting TBF on eno1

==> Applying TBF: rate=1000Mbit burst=25000b limit=50000b

==> Initializing my_cca with CWND limit 62

==> Initializing my_cca with CWND: 62

==> Checking sudo access
This script may ask for your sudo password to sign, unload, and load the kernel module.

==> Checking whether my_cca is already loaded

==> Unloading existing my_cca

==> Building my_cca
make -C /lib/modules/5.15.0-179-generic/build M=/home/nal/NAL_edwin_sm/client_server/custom_cca modules
make[1]: Entering directory '/usr/src/linux-headers-5.15.0-179-generic'
make[1]: Leaving directory '/usr/src/linux-headers-5.15.0-179-generic'

==> Signing my_cca.ko

==> Loading my_cca.ko

==> Verifying TCP congestion control list
net.ipv4.tcp_allowed_congestion_control = reno cubic my_cca

Success: my_cca is loaded and available to the TCP stack.

==> Refreshing sudo access for background extractors

==> Starting server. Connect the client to 0.0.0.0:9000
Generating 1073741824 GB of zeros
Started log extractor with PID 3099112
Listening on 0.0.0.0:9000 ...
Client connected from ('192.168.88.253', 56754)
Set SO_MAX_PACING_RATE to 125000000 bytes/s (1000.00 Mbit/s)
Started R_arrival extractor with PID 3099301
Sent 1073741824 bytes in 9.92s (103.24 MiB/s)
After slow start: 103.23 MiB/s over 9.91s (bytes_acked)
Stopped R_arrival extractor
Stopped log extractor

==> Creating output directory /home/nal/NAL_edwin_sm/client_server/DB/1GB/1GB_56754_62

==> Filtering kernel log for 192.168.88.253:56754
Wrote 3460 matching rows to /home/nal/NAL_edwin_sm/client_server/DB/1GB/1GB_56754_62/filtered_context.csv

==> Extracting CSV summary
Wrote JSON summary for 3460 CSV rows to /home/nal/NAL_edwin_sm/client_server/DB/1GB/1GB_56754_62/ip_info.json

==> Creating CWND graph
/home/nal/NAL_edwin_sm/client_server/AnalysisPhase/extract_ip_cwnd.py:267: UserWarning: Creating legend with loc="best" can be slow with large amounts of data.
  fig.tight_layout()
Found 116 sharktooth edges with drop threshold 10
Average top cwnd: 51.64
Average bottom cwnd: 34.71
Saved graph with 500 samples from /home/nal/NAL_edwin_sm/client_server/DB/1GB/1GB_56754_62/filtered_context.csv to /home/nal/NAL_edwin_sm/client_server/DB/1GB/1GB_56754_62/cwnd_192_168_88_253_56754.png

==> Done
Results: /home/nal/NAL_edwin_sm/client_server/DB/1GB/1GB_56754_62
Client: 192.168.88.253:56754
Elapsed seconds: 9.918399572372437
Drop rate: 0.000000 (0/3460 loss_recovery rows)
Drop rate incl. fast retransmit: 0.130925 (453/3460 loss_recovery + fast_retransmit rows)
post_slow_start_mbit_per_second: 865.977098
post_slow_start_mib_per_second: 103.232515
Server after slow start: After slow start: 103.23 MiB/s over 9.91s (bytes_acked)
