
==> Resetting TBF on eno1

==> Applying TBF: rate=1000Mbit burst=50000b limit=23360b

==> Initializing my_cca with CWND limit 34

==> Initializing my_cca with CWND: 34

==> Checking sudo access
This script may ask for your sudo password to sign, unload, and load the kernel module.

==> Checking whether my_cca is already loaded

==> Unloading existing my_cca

==> Building my_cca
make -C /lib/modules/5.15.0-179-generic/build M=/home/nal/NAL_edwin_sm/client_server/custom_cca modules
make[1]: Entering directory '/usr/src/linux-headers-5.15.0-179-generic'
make[1]: Leaving directory '/usr/src/linux-headers-5.15.0-179-generic'

==> Signing my_cca.ko

==> Loading my_cca.ko

==> Verifying TCP congestion control list
net.ipv4.tcp_allowed_congestion_control = reno cubic my_cca

Success: my_cca is loaded and available to the TCP stack.

==> Refreshing sudo access for background extractors

==> Starting server. Connect the client to 0.0.0.0:9000
Generating 1073741824 GB of zeros
Started log extractor with PID 879287
Listening on 0.0.0.0:9000 ...
Client connected from ('192.168.88.253', 41664)
Set SO_MAX_PACING_RATE to 125000000 bytes/s (1000.00 Mbit/s)
Started R_arrival extractor with PID 879493
Sent 1073741824 bytes in 16.75s (61.12 MiB/s)
After slow start: 61.09 MiB/s over 16.75s (bytes_acked)
Stopped R_arrival extractor
Stopped log extractor

==> Creating output directory /home/nal/NAL_edwin_sm/client_server/DB/1GB/1GB_41664_34

==> Filtering kernel log for 192.168.88.253:41664
Wrote 1065 matching rows to /home/nal/NAL_edwin_sm/client_server/DB/1GB/1GB_41664_34/filtered_context.csv

==> Extracting CSV summary
Wrote JSON summary for 1065 CSV rows to /home/nal/NAL_edwin_sm/client_server/DB/1GB/1GB_41664_34/ip_info.json

==> Creating CWND graph
Found 120 sharktooth edges with drop threshold 10
Average top cwnd: 33.54
Average bottom cwnd: 16.70
Saved graph with 500 samples from /home/nal/NAL_edwin_sm/client_server/DB/1GB/1GB_41664_34/filtered_context.csv to /home/nal/NAL_edwin_sm/client_server/DB/1GB/1GB_41664_34/cwnd_192_168_88_253_41664.png

==> Done
Results: /home/nal/NAL_edwin_sm/client_server/DB/1GB/1GB_41664_34
Client: 192.168.88.253:41664
Elapsed seconds: 16.753340005874634
Drop rate: 0.256338 (273/1065 loss_recovery rows)
Drop rate incl. fast retransmit: 0.256338 (273/1065 loss_recovery + fast_retransmit rows)
post_slow_start_mbit_per_second: 512.471870
post_slow_start_mib_per_second: 61.091408
Server throughput interval: After slow start: 61.09 MiB/s over 16.75s (bytes_acked)
