This is pdfTeX, Version 3.141592653-2.6-1.40.25 (TeX Live 2023/Debian) (preloaded format=pdflatex 2026.5.22)  10 JUN 2026 01:22
entering extended mode
 restricted \write18 enabled.
 file:line:error style messages enabled.
 %&-line parsing enabled.
**"/mnt/c/Users/chen2/OneDrive/Desktop/EPFL/MA2/NAL project/AutoExp/NAL_sm/report/report.tex"
(/mnt/c/Users/chen2/OneDrive/Desktop/EPFL/MA2/NAL project/AutoExp/NAL_sm/report/report.tex
LaTeX2e <2023-11-01> patch level 1
L3 programming layer <2024-01-22>
(/usr/share/texlive/texmf-dist/tex/latex/base/article.cls
Document Class: article 2023/05/17 v1.4n Standard LaTeX document class
(/usr/share/texlive/texmf-dist/tex/latex/base/size10.clo
File: size10.clo 2023/05/17 v1.4n Standard LaTeX file (size option)
)
\c@part=\count187
\c@section=\count188
\c@subsection=\count189
\c@subsubsection=\count190
\c@paragraph=\count191
\c@subparagraph=\count192
\c@figure=\count193
\c@table=\count194
\abovecaptionskip=\skip48
\belowcaptionskip=\skip49
\bibindent=\dimen140
) (/usr/share/texlive/texmf-dist/tex/latex/base/inputenc.sty
Package: inputenc 2021/02/14 v1.3d Input encoding file
\inpenc@prehook=\toks17
\inpenc@posthook=\toks18
) (/usr/share/texlive/texmf-dist/tex/latex/base/fontenc.sty
Package: fontenc 2021/04/29 v2.0v Standard LaTeX package
) (/usr/share/texlive/texmf-dist/tex/latex/placeins/placeins.sty
Package: placeins 2005/04/18  v 2.2
) (/usr/share/texlive/texmf-dist/tex/latex/geometry/geometry.sty
Package: geometry 2020/01/02 v5.9 Page Geometry
 (/usr/share/texlive/texmf-dist/tex/latex/graphics/keyval.sty
Package: keyval 2022/05/29 v1.15 key=value parser (DPC)
\KV@toks@=\toks19
) (/usr/share/texlive/texmf-dist/tex/generic/iftex/ifvtex.sty
Package: ifvtex 2019/10/25 v1.7 ifvtex legacy package. Use iftex instead.
 (/usr/share/texlive/texmf-dist/tex/generic/iftex/iftex.sty
Package: iftex 2022/02/03 v1.0f TeX engine tests
))
\Gm@cnth=\count195
\Gm@cntv=\count196
\c@Gm@tempcnt=\count197
\Gm@bindingoffset=\dimen141
\Gm@wd@mp=\dimen142
\Gm@odd@mp=\dimen143
\Gm@even@mp=\dimen144
\Gm@layoutwidth=\dimen145
\Gm@layoutheight=\dimen146
\Gm@layouthoffset=\dimen147
\Gm@layoutvoffset=\dimen148
\Gm@dimlist=\toks20
) (/usr/share/texlive/texmf-dist/tex/latex/fancyhdr/fancyhdr.sty
Package: fancyhdr 2022/11/09 v4.1 Extensive control of page headers and footers
\f@nch@headwidth=\skip50
\f@nch@O@elh=\skip51
\f@nch@O@erh=\skip52
\f@nch@O@olh=\skip53
\f@nch@O@orh=\skip54
\f@nch@O@elf=\skip55
\f@nch@O@erf=\skip56
\f@nch@O@olf=\skip57
\f@nch@O@orf=\skip58
) (/usr/share/texlive/texmf-dist/tex/latex/titlesec/titlesec.sty
Package: titlesec 2023/10/27 v2.16 Sectioning titles
\ttl@box=\box51
\beforetitleunit=\skip59
\aftertitleunit=\skip60
\ttl@plus=\dimen149
\ttl@minus=\dimen150
\ttl@toksa=\toks21
\titlewidth=\dimen151
\titlewidthlast=\dimen152
\titlewidthfirst=\dimen153
) (/usr/share/texlive/texmf-dist/tex/latex/tocloft/tocloft.sty
Package: tocloft 2017/08/31 v2.3i parameterised ToC, etc., typesetting
Package tocloft Info: The document has section divisions on input line 51.
\cftparskip=\skip61
\cftbeforetoctitleskip=\skip62
\cftaftertoctitleskip=\skip63
\cftbeforepartskip=\skip64
\cftpartnumwidth=\skip65
\cftpartindent=\skip66
\cftbeforesecskip=\skip67
\cftsecindent=\skip68
\cftsecnumwidth=\skip69
\cftbeforesubsecskip=\skip70
\cftsubsecindent=\skip71
\cftsubsecnumwidth=\skip72
\cftbeforesubsubsecskip=\skip73
\cftsubsubsecindent=\skip74
\cftsubsubsecnumwidth=\skip75
\cftbeforeparaskip=\skip76
\cftparaindent=\skip77
\cftparanumwidth=\skip78
\cftbeforesubparaskip=\skip79
\cftsubparaindent=\skip80
\cftsubparanumwidth=\skip81
\cftbeforeloftitleskip=\skip82
\cftafterloftitleskip=\skip83
\cftbeforefigskip=\skip84
\cftfigindent=\skip85
\cftfignumwidth=\skip86
\c@lofdepth=\count198
\c@lotdepth=\count199
\cftbeforelottitleskip=\skip87
\cftafterlottitleskip=\skip88
\cftbeforetabskip=\skip89
\cfttabindent=\skip90
\cfttabnumwidth=\skip91
) (/usr/share/texlive/texmf-dist/tex/latex/graphics/color.sty
Package: color 2022/01/06 v1.3d Standard LaTeX Color (DPC)
 (/usr/share/texlive/texmf-dist/tex/latex/graphics-cfg/color.cfg
File: color.cfg 2016/01/02 v1.6 sample color configuration
)
Package color Info: Driver file: pdftex.def on input line 149.
 (/usr/share/texlive/texmf-dist/tex/latex/graphics-def/pdftex.def
File: pdftex.def 2022/09/22 v1.2b Graphics/color driver for pdftex
) (/usr/share/texlive/texmf-dist/tex/latex/graphics/mathcolor.ltx)) (/usr/share/texlive/texmf-dist/tex/latex/graphics/graphicx.sty
Package: graphicx 2021/09/16 v1.2d Enhanced LaTeX Graphics (DPC,SPQR)
 (/usr/share/texlive/texmf-dist/tex/latex/graphics/graphics.sty
Package: graphics 2022/03/10 v1.4e Standard LaTeX Graphics (DPC,SPQR)
 (/usr/share/texlive/texmf-dist/tex/latex/graphics/trig.sty
Package: trig 2021/08/11 v1.11 sin cos tan (DPC)
) (/usr/share/texlive/texmf-dist/tex/latex/graphics-cfg/graphics.cfg
File: graphics.cfg 2016/06/04 v1.11 sample graphics configuration
)
Package graphics Info: Driver file: pdftex.def on input line 107.
)
\Gin@req@height=\dimen154
\Gin@req@width=\dimen155
) (/usr/share/texlive/texmf-dist/tex/latex/tools/array.sty
Package: array 2023/10/16 v2.5g Tabular extension package (FMi)
\col@sep=\dimen156
\ar@mcellbox=\box52
\extrarowheight=\dimen157
\NC@list=\toks22
\extratabsurround=\skip92
\backup@length=\skip93
\ar@cellbox=\box53
) (/usr/share/texlive/texmf-dist/tex/latex/caption/subcaption.sty
Package: subcaption 2023/07/28 v1.6b Sub-captions (AR)
 (/usr/share/texlive/texmf-dist/tex/latex/caption/caption.sty
Package: caption 2023/08/05 v3.6o Customizing captions (AR)
 (/usr/share/texlive/texmf-dist/tex/latex/caption/caption3.sty
Package: caption3 2023/07/31 v2.4d caption3 kernel (AR)
\caption@tempdima=\dimen158
\captionmargin=\dimen159
\caption@leftmargin=\dimen160
\caption@rightmargin=\dimen161
\caption@width=\dimen162
\caption@indent=\dimen163
\caption@parindent=\dimen164
\caption@hangindent=\dimen165
Package caption Info: Standard document class detected.
)
\c@caption@flags=\count266
\c@continuedfloat=\count267
)
Package caption Info: New subtype `subfigure' on input line 238.
\c@subfigure=\count268
Package caption Info: New subtype `subtable' on input line 238.
\c@subtable=\count269
) (/usr/share/texlive/texmf-dist/tex/latex/tools/longtable.sty
Package: longtable 2023-11-01 v4.19 Multi-page Table package (DPC)
\LTleft=\skip94
\LTright=\skip95
\LTpre=\skip96
\LTpost=\skip97
\LTchunksize=\count270
\LTcapwidth=\dimen166
\LT@head=\box54
\LT@firsthead=\box55
\LT@foot=\box56
\LT@lastfoot=\box57
\LT@gbox=\box58
\LT@cols=\count271
\LT@rows=\count272
\c@LT@tables=\count273
\c@LT@chunks=\count274
\LT@p@ftn=\toks23
) (/usr/share/texlive/texmf-dist/tex/latex/booktabs/booktabs.sty
Package: booktabs 2020/01/12 v1.61803398 Publication quality tables
\heavyrulewidth=\dimen167
\lightrulewidth=\dimen168
\cmidrulewidth=\dimen169
\belowrulesep=\dimen170
\belowbottomsep=\dimen171
\aboverulesep=\dimen172
\abovetopsep=\dimen173
\cmidrulesep=\dimen174
\cmidrulekern=\dimen175
\defaultaddspace=\dimen176
\@cmidla=\count275
\@cmidlb=\count276
\@aboverulesep=\dimen177
\@belowrulesep=\dimen178
\@thisruleclass=\count277
\@lastruleclass=\count278
\@thisrulewidth=\dimen179
) (/usr/share/texlive/texmf-dist/tex/latex/amsmath/amsmath.sty
Package: amsmath 2023/05/13 v2.17o AMS math features
\@mathmargin=\skip98

For additional information on amsmath, use the `?' option.
(/usr/share/texlive/texmf-dist/tex/latex/amsmath/amstext.sty
Package: amstext 2021/08/26 v2.01 AMS text
 (/usr/share/texlive/texmf-dist/tex/latex/amsmath/amsgen.sty
File: amsgen.sty 1999/11/30 v2.0 generic functions
\@emptytoks=\toks24
\ex@=\dimen180
)) (/usr/share/texlive/texmf-dist/tex/latex/amsmath/amsbsy.sty
Package: amsbsy 1999/11/29 v1.2d Bold Symbols
\pmbraise@=\dimen181
) (/usr/share/texlive/texmf-dist/tex/latex/amsmath/amsopn.sty
Package: amsopn 2022/04/08 v2.04 operator names
)
\inf@bad=\count279
LaTeX Info: Redefining \frac on input line 234.
\uproot@=\count280
\leftroot@=\count281
LaTeX Info: Redefining \overline on input line 399.
LaTeX Info: Redefining \colon on input line 410.
\classnum@=\count282
\DOTSCASE@=\count283
LaTeX Info: Redefining \ldots on input line 496.
LaTeX Info: Redefining \dots on input line 499.
LaTeX Info: Redefining \cdots on input line 620.
\Mathstrutbox@=\box59
\strutbox@=\box60
LaTeX Info: Redefining \big on input line 722.
LaTeX Info: Redefining \Big on input line 723.
LaTeX Info: Redefining \bigg on input line 724.
LaTeX Info: Redefining \Bigg on input line 725.
\big@size=\dimen182
LaTeX Font Info:    Redeclaring font encoding OML on input line 743.
LaTeX Font Info:    Redeclaring font encoding OMS on input line 744.
\macc@depth=\count284
LaTeX Info: Redefining \bmod on input line 905.
LaTeX Info: Redefining \pmod on input line 910.
LaTeX Info: Redefining \smash on input line 940.
LaTeX Info: Redefining \relbar on input line 970.
LaTeX Info: Redefining \Relbar on input line 971.
\c@MaxMatrixCols=\count285
\dotsspace@=\muskip16
\c@parentequation=\count286
\dspbrk@lvl=\count287
\tag@help=\toks25
\row@=\count288
\column@=\count289
\maxfields@=\count290
\andhelp@=\toks26
\eqnshift@=\dimen183
\alignsep@=\dimen184
\tagshift@=\dimen185
\tagwidth@=\dimen186
\totwidth@=\dimen187
\lineht@=\dimen188
\@envbody=\toks27
\multlinegap=\skip99
\multlinetaggap=\skip100
\mathdisplay@stack=\toks28
LaTeX Info: Redefining \[ on input line 2953.
LaTeX Info: Redefining \] on input line 2954.
) (/usr/share/texlive/texmf-dist/tex/latex/svg/svg.sty
Package: svg 2020/11/26 v2.02k (include SVG pictures)
 (/usr/share/texlive/texmf-dist/tex/latex/koma-script/scrbase.sty
Package: scrbase 2023/07/07 v3.41 KOMA-Script package (KOMA-Script-independent basics and keyval usage)
 (/usr/share/texlive/texmf-dist/tex/latex/koma-script/scrlfile.sty
Package: scrlfile 2023/07/07 v3.41 KOMA-Script package (file load hooks)
 (/usr/share/texlive/texmf-dist/tex/latex/koma-script/scrlfile-hook.sty
Package: scrlfile-hook 2023/07/07 v3.41 KOMA-Script package (using LaTeX hooks)
 (/usr/share/texlive/texmf-dist/tex/latex/koma-script/scrlogo.sty
Package: scrlogo 2023/07/07 v3.41 KOMA-Script package (logo)
)))
Applying: [2021/05/01] Usage of raw or classic option list on input line 252.
Already applied: [0000/00/00] Usage of raw or classic option list on input line 368.
) (/usr/share/texlive/texmf-dist/tex/generic/pdftexcmds/pdftexcmds.sty
Package: pdftexcmds 2020-06-27 v0.33 Utility functions of pdfTeX for LuaTeX (HO)
 (/usr/share/texlive/texmf-dist/tex/generic/infwarerr/infwarerr.sty
Package: infwarerr 2019/12/03 v1.5 Providing info/warning/error messages (HO)
) (/usr/share/texlive/texmf-dist/tex/generic/ltxcmds/ltxcmds.sty
Package: ltxcmds 2023-12-04 v1.26 LaTeX kernel commands for general use (HO)
)
Package pdftexcmds Info: \pdf@primitive is available.
Package pdftexcmds Info: \pdf@ifprimitive is available.
Package pdftexcmds Info: \pdfdraftmode found.
) (/usr/share/texlive/texmf-dist/tex/latex/trimspaces/trimspaces.sty
Package: trimspaces 2009/09/17 v1.1 Trim spaces around a token list
) (/usr/share/texlive/texmf-dist/tex/latex/tools/shellesc.sty
Package: shellesc 2023/07/08 v1.0d unified shell escape interface for LaTeX
Package shellesc Info: Restricted shell escape enabled on input line 77.
)
\c@svg@param@lastpage=\count291
\svg@box=\box61
\c@svg@param@currpage=\count292
) (/usr/share/texlive/texmf-dist/tex/latex/xcolor/xcolor.sty
Package: xcolor 2023/11/15 v3.01 LaTeX color extensions (UK)
 (/usr/share/texlive/texmf-dist/tex/latex/graphics-cfg/color.cfg
File: color.cfg 2016/01/02 v1.6 sample color configuration
)
Package xcolor Info: Driver file: pdftex.def on input line 274.
LaTeX Info: Redefining \color on input line 758.
 (/usr/share/texlive/texmf-dist/tex/latex/graphics/mathcolor.ltx)
Package xcolor Info: Model `cmy' substituted by `cmy0' on input line 1350.
Package xcolor Info: Model `hsb' substituted by `rgb' on input line 1354.
Package xcolor Info: Model `RGB' extended on input line 1366.
Package xcolor Info: Model `HTML' substituted by `rgb' on input line 1368.
Package xcolor Info: Model `Hsb' substituted by `hsb' on input line 1369.
Package xcolor Info: Model `tHsb' substituted by `hsb' on input line 1370.
Package xcolor Info: Model `HSB' substituted by `hsb' on input line 1371.
Package xcolor Info: Model `Gray' substituted by `gray' on input line 1372.
Package xcolor Info: Model `wave' substituted by `hsb' on input line 1373.
) (/usr/share/texlive/texmf-dist/tex/latex/transparent/transparent.sty
Package: transparent 2022-10-27 v1.5 Transparency with color stacks
 (/usr/share/texlive/texmf-dist/tex/latex/transparent/transparent-nometadata.sty
Package: transparent-nometadata 2022-10-27 v1.5 Transparency via pdfTeX's color stack (HO)
 (/usr/share/texlive/texmf-dist/tex/latex/auxhook/auxhook.sty
Package: auxhook 2019-12-17 v1.6 Hooks for auxiliary files (HO)
))) (/usr/share/texlive/texmf-dist/tex/latex/pgf/systemlayer/pgfsys.sty (/usr/share/texlive/texmf-dist/tex/latex/pgf/utilities/pgfrcs.sty (/usr/share/texlive/texmf-dist/tex/generic/pgf/utilities/pgfutil-common.tex
\pgfutil@everybye=\toks29
\pgfutil@tempdima=\dimen189
\pgfutil@tempdimb=\dimen190
) (/usr/share/texlive/texmf-dist/tex/generic/pgf/utilities/pgfutil-latex.def
\pgfutil@abb=\box62
) (/usr/share/texlive/texmf-dist/tex/generic/pgf/utilities/pgfrcs.code.tex (/usr/share/texlive/texmf-dist/tex/generic/pgf/pgf.revision.tex)
Package: pgfrcs 2023-01-15 v3.1.10 (3.1.10)
)) (/usr/share/texlive/texmf-dist/tex/generic/pgf/systemlayer/pgfsys.code.tex
Package: pgfsys 2023-01-15 v3.1.10 (3.1.10)
 (/usr/share/texlive/texmf-dist/tex/generic/pgf/utilities/pgfkeys.code.tex
\pgfkeys@pathtoks=\toks30
\pgfkeys@temptoks=\toks31
 (/usr/share/texlive/texmf-dist/tex/generic/pgf/utilities/pgfkeyslibraryfiltered.code.tex
\pgfkeys@tmptoks=\toks32
))
\pgf@x=\dimen191
\pgf@y=\dimen192
\pgf@xa=\dimen193
\pgf@ya=\dimen194
\pgf@xb=\dimen195
\pgf@yb=\dimen196
\pgf@xc=\dimen197
\pgf@yc=\dimen198
\pgf@xd=\dimen199
\pgf@yd=\dimen256
\w@pgf@writea=\write3
\r@pgf@reada=\read2
\c@pgf@counta=\count293
\c@pgf@countb=\count294
\c@pgf@countc=\count295
\c@pgf@countd=\count296
\t@pgf@toka=\toks33
\t@pgf@tokb=\toks34
\t@pgf@tokc=\toks35
\pgf@sys@id@count=\count297
 (/usr/share/texlive/texmf-dist/tex/generic/pgf/systemlayer/pgf.cfg
File: pgf.cfg 2023-01-15 v3.1.10 (3.1.10)
)
Driver file for pgf: pgfsys-pdftex.def
 (/usr/share/texlive/texmf-dist/tex/generic/pgf/systemlayer/pgfsys-pdftex.def
File: pgfsys-pdftex.def 2023-01-15 v3.1.10 (3.1.10)
 (/usr/share/texlive/texmf-dist/tex/generic/pgf/systemlayer/pgfsys-common-pdf.def
File: pgfsys-common-pdf.def 2023-01-15 v3.1.10 (3.1.10)
))) (/usr/share/texlive/texmf-dist/tex/generic/pgf/systemlayer/pgfsyssoftpath.code.tex
File: pgfsyssoftpath.code.tex 2023-01-15 v3.1.10 (3.1.10)
\pgfsyssoftpath@smallbuffer@items=\count298
\pgfsyssoftpath@bigbuffer@items=\count299
) (/usr/share/texlive/texmf-dist/tex/generic/pgf/systemlayer/pgfsysprotocol.code.tex
File: pgfsysprotocol.code.tex 2023-01-15 v3.1.10 (3.1.10)
)) (/usr/share/texlive/texmf-dist/tex/latex/float/float.sty
Package: float 2001/11/08 v1.3d Float enhancements (AL)
\c@float@type=\count300
\float@exts=\toks36
\float@box=\box63
\@float@everytoks=\toks37
\@floatcapt=\box64
) (/usr/share/texlive/texmf-dist/tex/latex/comment/comment.sty
\CommentStream=\write4
 Excluding comment 'comment') (/usr/share/texlive/texmf-dist/tex/latex/hyperref/hyperref.sty
Package: hyperref 2024-01-20 v7.01h Hypertext links for LaTeX
 (/usr/share/texlive/texmf-dist/tex/latex/kvsetkeys/kvsetkeys.sty
Package: kvsetkeys 2022-10-05 v1.19 Key value parser (HO)
) (/usr/share/texlive/texmf-dist/tex/generic/kvdefinekeys/kvdefinekeys.sty
Package: kvdefinekeys 2019-12-19 v1.6 Define keys (HO)
) (/usr/share/texlive/texmf-dist/tex/generic/pdfescape/pdfescape.sty
Package: pdfescape 2019/12/09 v1.15 Implements pdfTeX's escape features (HO)
) (/usr/share/texlive/texmf-dist/tex/latex/hycolor/hycolor.sty
Package: hycolor 2020-01-27 v1.10 Color options for hyperref/bookmark (HO)
) (/usr/share/texlive/texmf-dist/tex/latex/hyperref/nameref.sty
Package: nameref 2023-11-26 v2.56 Cross-referencing by name of section
 (/usr/share/texlive/texmf-dist/tex/latex/refcount/refcount.sty
Package: refcount 2019/12/15 v3.6 Data extraction from label references (HO)
) (/usr/share/texlive/texmf-dist/tex/generic/gettitlestring/gettitlestring.sty
Package: gettitlestring 2019/12/15 v1.6 Cleanup title references (HO)
 (/usr/share/texlive/texmf-dist/tex/latex/kvoptions/kvoptions.sty
Package: kvoptions 2022-06-15 v3.15 Key value format for package options (HO)
))
\c@section@level=\count301
) (/usr/share/texlive/texmf-dist/tex/latex/etoolbox/etoolbox.sty
Package: etoolbox 2020/10/05 v2.5k e-TeX tools for LaTeX (JAW)
\etb@tempcnta=\count302
)
\@linkdim=\dimen257
\Hy@linkcounter=\count303
\Hy@pagecounter=\count304
 (/usr/share/texlive/texmf-dist/tex/latex/hyperref/pd1enc.def
File: pd1enc.def 2024-01-20 v7.01h Hyperref: PDFDocEncoding definition (HO)
Now handling font encoding PD1 ...
... no UTF-8 mapping file for font encoding PD1
) (/usr/share/texlive/texmf-dist/tex/generic/intcalc/intcalc.sty
Package: intcalc 2019/12/15 v1.3 Expandable calculations with integers (HO)
)
\Hy@SavedSpaceFactor=\count305
 (/usr/share/texlive/texmf-dist/tex/latex/hyperref/puenc.def
File: puenc.def 2024-01-20 v7.01h Hyperref: PDF Unicode definition (HO)
Now handling font encoding PU ...
... no UTF-8 mapping file for font encoding PU
)
Package hyperref Info: Option `colorlinks' set `true' on input line 4062.
Package hyperref Info: Option `bookmarks' set `false' on input line 4062.
Package hyperref Info: Hyper figures OFF on input line 4179.
Package hyperref Info: Link nesting OFF on input line 4184.
Package hyperref Info: Hyper index ON on input line 4187.
Package hyperref Info: Plain pages OFF on input line 4194.
Package hyperref Info: Backreferencing OFF on input line 4199.
Package hyperref Info: Implicit mode ON; LaTeX internals redefined.
Package hyperref Info: Bookmarks OFF on input line 4452.
\c@Hy@tempcnt=\count306
 (/usr/share/texlive/texmf-dist/tex/latex/url/url.sty
\Urlmuskip=\muskip17
Package: url 2013/09/16  ver 3.4  Verb mode for urls, etc.
)
LaTeX Info: Redefining \url on input line 4784.
\XeTeXLinkMargin=\dimen258
 (/usr/share/texlive/texmf-dist/tex/generic/bitset/bitset.sty
Package: bitset 2019/12/09 v1.3 Handle bit-vector datatype (HO)
 (/usr/share/texlive/texmf-dist/tex/generic/bigintcalc/bigintcalc.sty
Package: bigintcalc 2019/12/15 v1.5 Expandable calculations on big integers (HO)
))
\Fld@menulength=\count307
\Field@Width=\dimen259
\Fld@charsize=\dimen260
Package hyperref Info: Hyper figures OFF on input line 6063.
Package hyperref Info: Link nesting OFF on input line 6068.
Package hyperref Info: Hyper index ON on input line 6071.
Package hyperref Info: backreferencing OFF on input line 6078.
Package hyperref Info: Link coloring ON on input line 6081.
Package hyperref Info: Link coloring with OCG OFF on input line 6088.
Package hyperref Info: PDF/A mode OFF on input line 6093.
 (/usr/share/texlive/texmf-dist/tex/latex/base/atbegshi-ltx.sty
Package: atbegshi-ltx 2021/01/10 v1.0c Emulation of the original atbegshi
package with kernel methods
)
\Hy@abspage=\count308
\c@Item=\count309
\c@Hfootnote=\count310
)
Package hyperref Info: Driver (autodetected): hpdftex.
 (/usr/share/texlive/texmf-dist/tex/latex/hyperref/hpdftex.def
File: hpdftex.def 2024-01-20 v7.01h Hyperref driver for pdfTeX
 (/usr/share/texlive/texmf-dist/tex/latex/base/atveryend-ltx.sty
Package: atveryend-ltx 2020/08/19 v1.0a Emulation of the original atveryend package
with kernel methods
)
\Fld@listcount=\count311
\c@bookmark@seq@number=\count312
 (/usr/share/texlive/texmf-dist/tex/latex/rerunfilecheck/rerunfilecheck.sty
Package: rerunfilecheck 2022-07-10 v1.10 Rerun checks for auxiliary files (HO)
 (/usr/share/texlive/texmf-dist/tex/generic/uniquecounter/uniquecounter.sty
Package: uniquecounter 2019/12/15 v1.4 Provide unlimited unique counter (HO)
)
Package uniquecounter Info: New unique counter `rerunfilecheck' on input line 285.
)
\Hy@SectionHShift=\skip101
) (/usr/share/texlive/texmf-dist/tex/latex/l3backend/l3backend-pdftex.def
File: l3backend-pdftex.def 2024-01-04 L3 backend support: PDF output (pdfTeX)
\l__color_backend_stack_int=\count313
\l__pdf_internal_box=\box65
)
No file report.aux.
\openout1 = `report.aux'.

LaTeX Font Info:    Checking defaults for OML/cmm/m/it on input line 56.
LaTeX Font Info:    ... okay on input line 56.
LaTeX Font Info:    Checking defaults for OMS/cmsy/m/n on input line 56.
LaTeX Font Info:    ... okay on input line 56.
LaTeX Font Info:    Checking defaults for OT1/cmr/m/n on input line 56.
LaTeX Font Info:    ... okay on input line 56.
LaTeX Font Info:    Checking defaults for T1/cmr/m/n on input line 56.
LaTeX Font Info:    ... okay on input line 56.
LaTeX Font Info:    Checking defaults for TS1/cmr/m/n on input line 56.
LaTeX Font Info:    ... okay on input line 56.
LaTeX Font Info:    Checking defaults for OMX/cmex/m/n on input line 56.
LaTeX Font Info:    ... okay on input line 56.
LaTeX Font Info:    Checking defaults for U/cmr/m/n on input line 56.
LaTeX Font Info:    ... okay on input line 56.
LaTeX Font Info:    Checking defaults for PD1/pdf/m/n on input line 56.
LaTeX Font Info:    ... okay on input line 56.
LaTeX Font Info:    Checking defaults for PU/pdf/m/n on input line 56.
LaTeX Font Info:    ... okay on input line 56.
*geometry* driver: auto-detecting
*geometry* detected driver: pdftex
*geometry* verbose mode - [ preamble ] result:
* driver: pdftex
* paper: a4paper
* layout: <same size as paper>
* layoutoffset:(h,v)=(0.0pt,0.0pt)
* modes: 
* h-part:(L,W,R)=(71.13188pt, 455.24411pt, 71.13188pt)
* v-part:(T,H,B)=(56.9055pt, 731.23584pt, 56.9055pt)
* \paperwidth=597.50787pt
* \paperheight=845.04684pt
* \textwidth=455.24411pt
* \textheight=731.23584pt
* \oddsidemargin=-1.1381pt
* \evensidemargin=-1.1381pt
* \topmargin=-52.36449pt
* \headheight=12.0pt
* \headsep=25.0pt
* \topskip=10.0pt
* \footskip=30.0pt
* \marginparwidth=65.0pt
* \marginparsep=11.0pt
* \columnsep=10.0pt
* \skip\footins=9.0pt plus 4.0pt minus 2.0pt
* \hoffset=0.0pt
* \voffset=0.0pt
* \mag=1000
* \@twocolumnfalse
* \@twosidefalse
* \@mparswitchfalse
* \@reversemarginfalse
* (1in=72.27pt=25.4mm, 1cm=28.453pt)

(/usr/share/texlive/texmf-dist/tex/context/base/mkii/supp-pdf.mkii
[Loading MPS to PDF converter (version 2006.09.02).]
\scratchcounter=\count314
\scratchdimen=\dimen261
\scratchbox=\box66
\nofMPsegments=\count315
\nofMParguments=\count316
\everyMPshowfont=\toks38
\MPscratchCnt=\count317
\MPscratchDim=\dimen262
\MPnumerator=\count318
\makeMPintoPDFobject=\count319
\everyMPtoPDFconversion=\toks39
) (/usr/share/texlive/texmf-dist/tex/latex/epstopdf-pkg/epstopdf-base.sty
Package: epstopdf-base 2020-01-24 v2.11 Base part for package epstopdf
Package epstopdf-base Info: Redefining graphics rule for `.eps' on input line 485.
 (/usr/share/texlive/texmf-dist/tex/latex/latexconfig/epstopdf-sys.cfg
File: epstopdf-sys.cfg 2010/07/13 v1.3 Configuration of (r)epstopdf for TeX Live
))
Package caption Info: Begin \AtBeginDocument code.
Package caption Info: float package is loaded.
Package caption Info: hyperref package is loaded.
Package caption Info: longtable package is loaded.
 (/usr/share/texlive/texmf-dist/tex/latex/caption/ltcaption.sty
Package: ltcaption 2021/01/08 v1.4c longtable captions (AR)
)
Package caption Info: End \AtBeginDocument code.
Package hyperref Info: Link coloring ON on input line 56.

No file report.toc.
\tf@toc=\write5
\openout5 = `report.toc'.

[1

{/var/lib/texmf/fonts/map/pdftex/updmap/pdftex.map}{/usr/share/texmf/fonts/enc/dvips/cm-super/cm-super-t1.enc}]
/mnt/c/Users/chen2/OneDrive/Desktop/EPFL/MA2/NAL project/AutoExp/NAL_sm/report/report.tex:130: Misplaced alignment tab character &.
l.130 ...ing us to not able to see an ideal time &
                                                  & cwnd shark-tooth shaped ...
I can't figure out why you would want to use a tab mark
here. If you just want an ampersand, the remedy is
simple: Just type `I\&' now. But if some right brace
up above has ended a previous alignment prematurely,
you're probably due for more error messages, and you
might try typing `S' now just to see what is salvageable.

/mnt/c/Users/chen2/OneDrive/Desktop/EPFL/MA2/NAL project/AutoExp/NAL_sm/report/report.tex:130: Misplaced alignment tab character &.
l.130 ...ng us to not able to see an ideal time &&
                                                   cwnd shark-tooth shaped g...
I can't figure out why you would want to use a tab mark
here. If you just want an ampersand, the remedy is
simple: Just type `I\&' now. But if some right brace
up above has ended a previous alignment prematurely,
you're probably due for more error messages, and you
might try typing `S' now just to see what is salvageable.

/mnt/c/Users/chen2/OneDrive/Desktop/EPFL/MA2/NAL project/AutoExp/NAL_sm/report/report.tex:131: Missing $ inserted.
<inserted text> 
                $
l.131 (Figure report/images/physical_
                                     setup1/WeHe_youtube.png)
I've inserted a begin-math/end-math symbol since I think
you left one out. Proceed, with fingers crossed.

/mnt/c/Users/chen2/OneDrive/Desktop/EPFL/MA2/NAL project/AutoExp/NAL_sm/report/report.tex:132: Missing $ inserted.
<inserted text> 
                $
l.132 
      
I've inserted a begin-math/end-math symbol since I think
you left one out. Proceed, with fingers crossed.

/mnt/c/Users/chen2/OneDrive/Desktop/EPFL/MA2/NAL project/AutoExp/NAL_sm/report/report.tex:136: Missing $ inserted.
<inserted text> 
                $
l.136 script print pr_
                      info everytime it receives an ACK
I've inserted a begin-math/end-math symbol since I think
you left one out. Proceed, with fingers crossed.

/mnt/c/Users/chen2/OneDrive/Desktop/EPFL/MA2/NAL project/AutoExp/NAL_sm/report/report.tex:147: Missing $ inserted.
<inserted text> 
                $
l.147 
      
I've inserted a begin-math/end-math symbol since I think
you left one out. Proceed, with fingers crossed.


Overfull \hbox (187.89937pt too wide) in paragraph at lines 134--147
\OML/cmm/m/it/10 inaddition; wedecidedtobuildoursimpleclientandserversetup; aswecouldnotcontrolthesendingrate; andtheamountofdatasentbytheWehereplay \OT1/cmr/m/n/10 =\OML/cmm/m/it/10 >
 []


Overfull \hbox (522.69308pt too wide) in paragraph at lines 134--147
\OML/cmm/m/it/10 howtoloadourownccamodules\OT1/cmr/m/n/10 ?\OML/cmm/m/it/10 wheredidIgetthisinfofrom:::welearnthowtodothispartiallyfromthisdocumentation::toexplainsimply; ccaprovidesastructthatallowedastomanuallyspecifythefunctiontobecalledduringcca \OT1/cmr/m/n/10 =\OML/cmm/m/it/10 >
 []


Overfull \hbox (208.9303pt too wide) in paragraph at lines 134--147
\OML/cmm/m/it/10 howeverevenaftersettingthiswewerenotabletogettheidealshark \OMS/cmsy/m/n/10 ^^@ \OML/cmm/m/it/10 toothshapeddiagram\OT1/cmr/m/n/10 (\OML/cmm/m/it/10 Figurereport=images=physical[]etup\OT1/cmr/m/n/10 2\OML/cmm/m/it/10 =no[]bf[]ing[]ot[]lean:png\OT1/cmr/m/n/10 ) \OMS/cmsy/m/n/10 ^^@
 []


Overfull \hbox (86.39835pt too wide) in paragraph at lines 134--147
\OML/cmm/m/it/10 Figureshowsthecasewhenwetestedourserversending\OT1/cmr/m/n/10 20\OML/cmm/m/it/10 Gbtotheclient; asitcanbeseentheslowstartdidnotstartfromcwnd \OT1/cmr/m/n/10 ==
 []

/mnt/c/Users/chen2/OneDrive/Desktop/EPFL/MA2/NAL project/AutoExp/NAL_sm/report/report.tex:151: Missing $ inserted.
<inserted text> 
                $
l.151 - Everytime pr_
                     info is called, the log will be written to ... which is...
I've inserted a begin-math/end-math symbol since I think
you left one out. Proceed, with fingers crossed.

/mnt/c/Users/chen2/OneDrive/Desktop/EPFL/MA2/NAL project/AutoExp/NAL_sm/report/report.tex:156: Misplaced alignment tab character &.
l.156 ...ry ACK" to "whenever the phase changes" &
                                                  & "every 100 ACKs", also
I can't figure out why you would want to use a tab mark
here. If you just want an ampersand, the remedy is
simple: Just type `I\&' now. But if some right brace
up above has ended a previous alignment prematurely,
you're probably due for more error messages, and you
might try typing `S' now just to see what is salvageable.

/mnt/c/Users/chen2/OneDrive/Desktop/EPFL/MA2/NAL project/AutoExp/NAL_sm/report/report.tex:156: Misplaced alignment tab character &.
l.156 ...y ACK" to "whenever the phase changes" &&
                                                   "every 100 ACKs", also
I can't figure out why you would want to use a tab mark
here. If you just want an ampersand, the remedy is
simple: Just type `I\&' now. But if some right brace
up above has ended a previous alignment prematurely,
you're probably due for more error messages, and you
might try typing `S' now just to see what is salvageable.

/mnt/c/Users/chen2/OneDrive/Desktop/EPFL/MA2/NAL project/AutoExp/NAL_sm/report/report.tex:158: Missing $ inserted.
<inserted text> 
                $
l.158 
      
I've inserted a begin-math/end-math symbol since I think
you left one out. Proceed, with fingers crossed.


Overfull \hbox (116.47232pt too wide) in paragraph at lines 150--158
\T1/cmr/m/n/10 - The cause of the pre-vi-ous is-sue was due to the ring buffer - Ev-ery-time pr$[]\OML/cmm/m/it/10 nfoiscalled; thelogwillbewrittento:::whichisaringbuffer \OMS/cmsy/m/n/10 ^^@
 []


Overfull \hbox (139.6796pt too wide) in paragraph at lines 150--158
\OML/cmm/m/it/10 Sincewewereprintingpr[]nfoeverytimereceivinganACK; theringwouldbefilledupquicklyandoverwritetheexisitinglogsinthebuffer\OMS/cmsy/m/n/10 ^^@ \OML/cmm/m/it/10 >
 []


Overfull \hbox (282.0908pt too wide) in paragraph at lines 150--158
\OML/cmm/m/it/10 a\OT1/cmr/m/n/10 "\OML/cmm/m/it/10 cleaningprocess\OT1/cmr/m/n/10 "\OML/cmm/m/it/10 wasrequired \OMS/cmsy/m/n/10 ^^@ \OML/cmm/m/it/10 Thuswedefinedabackendprocessthatwouldbecalledwhentheserverstartsrunning; whicbthisprocesswillcleanthelogincertaininterval \OMS/cmsy/m/n/10 ^^@
 []


Overfull \hbox (435.38141pt too wide) in paragraph at lines 150--158
\OML/cmm/m/it/10 inaddition; wemodifiedthesapingratefrom\OT1/cmr/m/n/10 "\OML/cmm/m/it/10 everyACK\OT1/cmr/m/n/10 "\OML/cmm/m/it/10 to\OT1/cmr/m/n/10 "\OML/cmm/m/it/10 wheneverthephasechanges\OT1/cmr/m/n/10 ""\OML/cmm/m/it/10 every\OT1/cmr/m/n/10 100\OML/cmm/m/it/10 ACKs\OT1/cmr/m/n/10 "\OML/cmm/m/it/10 ; alsoaddedsequencenumbertothepr[]nfotoreducetheliklihoodofareocrdedpacketbeingoverwritten$ 
 []

[2]
/mnt/c/Users/chen2/OneDrive/Desktop/EPFL/MA2/NAL project/AutoExp/NAL_sm/report/report.tex:166: Missing $ inserted.
<inserted text> 
                $
l.166 Note: look at client_
                           server, my explanation below maybe on the old ver...
I've inserted a begin-math/end-math symbol since I think
you left one out. Proceed, with fingers crossed.

/mnt/c/Users/chen2/OneDrive/Desktop/EPFL/MA2/NAL project/AutoExp/NAL_sm/report/report.tex:176: Missing $ inserted.
<inserted text> 
                $
l.176 
      
I've inserted a begin-math/end-math symbol since I think
you left one out. Proceed, with fingers crossed.


Overfull \hbox (153.42435pt too wide) in paragraph at lines 166--176
[]\T1/cmr/m/n/10 Note: look at client$[]\OML/cmm/m/it/10 erver; myexplanationbelowmaybeontheoldversionorunclear:ModifyitsothatitmatcheswiththenewestversionNote \OT1/cmr/m/n/10 :
 []


Overfull \hbox (468.10347pt too wide) in paragraph at lines 166--176
\OML/cmm/m/it/10 Alsosomeexplanationsmaynpwbeveryclear; somodifyittobemorespecific \OMS/cmsy/m/n/10 ^^@ \OML/cmm/m/it/10 run:sh \OT1/cmr/m/n/10 =\OML/cmm/m/it/10 > setsthethesrcport; srcip; CWNDanddatasizetobesent:Couldselectwhetherwewnattouse\OT1/cmr/m/n/10 "\OML/cmm/m/it/10 my[]ca\OT1/cmr/m/n/10 "\OML/cmm/m/it/10 or\OT1/cmr/m/n/10 "\OML/cmm/m/it/10 reno\OT1/cmr/m/n/10 "(\OML/cmm/m/it/10 whenCWND \OT1/cmr/m/n/10 ==
 []


Overfull \hbox (2009.21599pt too wide) in paragraph at lines 166--176
\OT1/cmr/m/n/10 0\OML/cmm/m/it/10 ; \OT1/cmr/m/n/10 "\OML/cmm/m/it/10 reno\OT1/cmr/m/n/10 "\OML/cmm/m/it/10 willbeused\OT1/cmr/m/n/10 )\OML/cmm/m/it/10 :TheTBFparameterswouldalsobespecifiedhere: \OMS/cmsy/m/n/10 ^^@ \OML/cmm/m/it/10 whenrun:shisexecuted; thescriptwillfirstlycheckunloadthecurrent\OT1/cmr/m/n/10 "\OML/cmm/m/it/10 my[]ca\OT1/cmr/m/n/10 "\OML/cmm/m/it/10 fromthesystemitwillthenloadtheCWNDtotheccascript; recompileitandadditintothesystemselectionthescript; onceseeingthat\OT1/cmr/m/n/10 "\OML/cmm/m/it/10 my[]ca\OT1/cmr/m/n/10 "\OML/cmm/m/it/10 existsinthesolution; willthensetuptheaqdisc\OT1/cmr/m/n/10 (\OML/cmm/m/it/10 outgress; sofromservertoclient\OT1/cmr/m/n/10 )\OML/cmm/m/it/10 TBFinfrontoftheservertosimulatetheendpointbottleneck\OT1/cmr/m/n/10 (\OML/cmm/m/it/10 normallythissgouldbesetontheclientside; buttosetaingressqdiscontheclientsidewehavetocreateafakelistenerinfronttheclienttobuildserver \OT1/cmr/m/n/10 =\OML/cmm/m/it/10 >
 []


Overfull \hbox (203.10254pt too wide) in paragraph at lines 166--176
\OML/cmm/m/it/10 fakelistener[] \OT1/cmr/m/n/10 =\OML/cmm/m/it/10 > client\OT1/cmr/m/n/10 )\OML/cmm/m/it/10 whichwasnotidealthescriptwillthenstartthesever; whichtheserverwouldstart\OT1/cmr/m/n/10 3\OML/cmm/m/it/10 subprocessrunninginthebackend$ 
 []

/mnt/c/Users/chen2/OneDrive/Desktop/EPFL/MA2/NAL project/AutoExp/NAL_sm/report/report.tex:177: Missing $ inserted.
<inserted text> 
                $
l.177 ...rom ring buffer, search the ones from pr_
                                                  info and that contains the...
I've inserted a begin-math/end-math symbol since I think
you left one out. Proceed, with fingers crossed.

/mnt/c/Users/chen2/OneDrive/Desktop/EPFL/MA2/NAL project/AutoExp/NAL_sm/report/report.tex:184: Missing $ inserted.
<inserted text> 
                $
l.184 
      
I've inserted a begin-math/end-math symbol since I think
you left one out. Proceed, with fingers crossed.


Overfull \hbox (107.11624pt too wide) in paragraph at lines 177--184
[]\T1/cmr/m/n/10 - sub-pro-cess 1: log ex-trac-tor => ex-tract the logs from ring buffer, search the ones from pr$[]\OML/cmm/m/it/10 nfoandthatcontainstheportnumber \OMS/cmsy/m/n/10 ^^@
 []


Overfull \hbox (265.20518pt too wide) in paragraph at lines 177--184
\OML/cmm/m/it/10 subprocess\OT1/cmr/m/n/10 2 : \OML/cmm/m/it/10 logcleaner \OT1/cmr/m/n/10 =\OML/cmm/m/it/10 > cleantheringbuffer \OMS/cmsy/m/n/10 ^^@ \OML/cmm/m/it/10 subprocess\OT1/cmr/m/n/10 3 : \OML/cmm/m/it/10 rarrivalextractor \OT1/cmr/m/n/10 =\OML/cmm/m/it/10 > usedtodeterminetheR[]rrivalrate\OT1/cmr/m/n/10 (\OML/cmm/m/it/10 willbeclarifiedlater\OT1/cmr/m/n/10 )\OML/cmm/m/it/10 butnotveryaccurate \OMS/cmsy/m/n/10 ^^@
 []


Overfull \hbox (215.23311pt too wide) in paragraph at lines 177--184
\OML/cmm/m/it/10 NotethattheserverdoesaBULKsend; thatisittriestosendthedata\OT1/cmr/m/n/10 "\OML/cmm/m/it/10 asfastaspossible; cappedat\OT1/cmr/m/n/10 1\OML/cmm/m/it/10 Gib\OT1/cmr/m/n/10 " \OMS/cmsy/m/n/10 ^^@ \OML/cmm/m/it/10 theserverthenwaituntiilaconnectionfromtheclient \OMS/cmsy/m/n/10 ^^@
 []


Overfull \hbox (245.6762pt too wide) in paragraph at lines 177--184
\OML/cmm/m/it/10 oncetheserverfinishessendignalldatamitwouldthencalculatethelossrate; throughput\OT1/cmr/m/n/10 (\OML/cmm/m/it/10 aftertheslowstartphase\OT1/cmr/m/n/10 )\OML/cmm/m/it/10 ; storethisinformationin:::andgenerateashark \OMS/cmsy/m/n/10 ^^@
 []

/mnt/c/Users/chen2/OneDrive/Desktop/EPFL/MA2/NAL project/AutoExp/NAL_sm/report/report.tex:197: Missing $ inserted.
<inserted text> 
                $
l.197 QUEUE_
            SIZES=(6250, 12500, 25000, 50000, 100000)
I've inserted a begin-math/end-math symbol since I think
you left one out. Proceed, with fingers crossed.

/mnt/c/Users/chen2/OneDrive/Desktop/EPFL/MA2/NAL project/AutoExp/NAL_sm/report/report.tex:200: Missing $ inserted.
<inserted text> 
                $
l.200 
      
I've inserted a begin-math/end-math symbol since I think
you left one out. Proceed, with fingers crossed.


Overfull \hbox (95.8727pt too wide) in paragraph at lines 197--200
\T1/cmr/m/n/10 QUEUE$[]\OML/cmm/m/it/10 IZES \OT1/cmr/m/n/10 = (6250\OML/cmm/m/it/10 ; \OT1/cmr/m/n/10 12500\OML/cmm/m/it/10 ; \OT1/cmr/m/n/10 25000\OML/cmm/m/it/10 ; \OT1/cmr/m/n/10 50000\OML/cmm/m/it/10 ; \OT1/cmr/m/n/10 100000)\OML/cmm/m/it/10 TOKEN[]ENERATION[]ATES \OT1/cmr/m/n/10 = (2505007501000)\OML/cmm/m/it/10 BURST[]IZES \OT1/cmr/m/n/10 =
 []

/mnt/c/Users/chen2/OneDrive/Desktop/EPFL/MA2/NAL project/AutoExp/NAL_sm/report/report.tex:202: Missing $ inserted.
<inserted text> 
                $
l.202 - compare "client_
                        server/custom_cca/my_cca.c" and "https://github.com/...
I've inserted a begin-math/end-math symbol since I think
you left one out. Proceed, with fingers crossed.

/mnt/c/Users/chen2/OneDrive/Desktop/EPFL/MA2/NAL project/AutoExp/NAL_sm/report/report.tex:204: Missing $ inserted.
<inserted text> 
                $
l.204 
      
I've inserted a begin-math/end-math symbol since I think
you left one out. Proceed, with fingers crossed.


Overfull \hbox (82.71693pt too wide) in paragraph at lines 202--204
\T1/cmr/m/n/10 - com-pare "client$[]\OML/cmm/m/it/10 erver=custom[]ca=my[]ca:c\OT1/cmr/m/n/10 "\OML/cmm/m/it/10 and\OT1/cmr/m/n/10 "\OML/cmm/m/it/10 https \OT1/cmr/m/n/10 : \OML/cmm/m/it/10 ==github:com=torvalds=linux=blob=master=net=ipv\OT1/cmr/m/n/10 4\OML/cmm/m/it/10 =tcp[]ong:c\OT1/cmr/m/n/10 " \OMS/cmsy/m/n/10 ^^@
 []

/mnt/c/Users/chen2/OneDrive/Desktop/EPFL/MA2/NAL project/AutoExp/NAL_sm/report/report.tex:208: Missing $ inserted.
<inserted text> 
                $
l.208 ...rks on top of TCP Reno, we just added pr_
                                                  info
I've inserted a begin-math/end-math symbol since I think
you left one out. Proceed, with fingers crossed.

/mnt/c/Users/chen2/OneDrive/Desktop/EPFL/MA2/NAL project/AutoExp/NAL_sm/report/report.tex:214: Missing $ inserted.
<inserted text> 
                $
l.214 
      
I've inserted a begin-math/end-math symbol since I think
you left one out. Proceed, with fingers crossed.


Overfull \hbox (0.50256pt too wide) in paragraph at lines 206--214
\T1/cmr/m/n/10 pr$[]\OML/cmm/m/it/10 nfotothesuitablelocation\OT1/cmr/m/n/10 )\OML/cmm/m/it/10 ; andcalculatetheaveragecwnd\OT1/cmr/m/n/10 (\OML/cmm/m/it/10 mountainedgeoftheshark \OMS/cmsy/m/n/10 ^^@ \OML/cmm/m/it/10 toothgraph\OT1/cmr/m/n/10 ) =\OML/cmm/m/it/10 >
 []


Overfull \hbox (372.2539pt too wide) in paragraph at lines 206--214
\OML/cmm/m/it/10 generallythisaveragecwndis\OT1/cmr/m/n/10 "\OML/cmm/m/it/10 veryclose\OT1/cmr/m/n/10 "\OML/cmm/m/it/10 totheempiricalcwnd; wethusdecreasedthecwndcapby\OT1/cmr/m/n/10 1\OML/cmm/m/it/10 ; re \OMS/cmsy/m/n/10 ^^@ \OML/cmm/m/it/10 runtheserverclientcommunicationagain; toseewhethrethelossratehasdecreasedornot \OT1/cmr/m/n/10 =\OML/cmm/m/it/10 >
 []


Overfull \hbox (103.44534pt too wide) in paragraph at lines 206--214
\OML/cmm/m/it/10 the\OT1/cmr/m/n/10 "\OML/cmm/m/it/10 lossrate\OT1/cmr/m/n/10 "\OML/cmm/m/it/10 couldbesetbytheuserwhenrunningtheserverscript\OT1/cmr/m/n/10 (\OML/cmm/m/it/10 forqueue[]izesto\OT1/cmr/m/n/10 12500\OML/cmm/m/it/10 weareusinglossrateof\OT1/cmr/m/n/10 0\OML/cmm/m/it/10 :\OT1/cmr/m/n/10 20\OML/cmm/m/it/10 andforqueue \OMS/cmsy/m/n/10 ^^@
 []

/mnt/c/Users/chen2/OneDrive/Desktop/EPFL/MA2/NAL project/AutoExp/NAL_sm/report/report.tex:220: Missing $ inserted.
<inserted text> 
                $
l.220 ...e assumtoion holds, where when the queue_
                                                  size is small, epirical
I've inserted a begin-math/end-math symbol since I think
you left one out. Proceed, with fingers crossed.

/mnt/c/Users/chen2/OneDrive/Desktop/EPFL/MA2/NAL project/AutoExp/NAL_sm/report/report.tex:223: Missing $ inserted.
<inserted text> 
                $
l.223 
      
I've inserted a begin-math/end-math symbol since I think
you left one out. Proceed, with fingers crossed.


Overfull \hbox (676.76266pt too wide) in paragraph at lines 220--223
\T1/cmr/m/n/10 From the ex-per-i-ments above, we have seen that the as-sum-toion holds, where when the queue$[]\OML/cmm/m/it/10 izeissmall; epiricalcwndindeedachievedabetterthroughput:However; inallcasesalgorithm\OT1/cmr/m/n/10 1\OML/cmm/m/it/10 werealwaysoverestikamtingthecwndsizeinfact; TCPRenoperformedbetter:$ 
 []

/mnt/c/Users/chen2/OneDrive/Desktop/EPFL/MA2/NAL project/AutoExp/NAL_sm/report/report.tex:226: Missing $ inserted.
<inserted text> 
                $
l.226 - R_
          arrival rate not taken into account
I've inserted a begin-math/end-math symbol since I think
you left one out. Proceed, with fingers crossed.

/mnt/c/Users/chen2/OneDrive/Desktop/EPFL/MA2/NAL project/AutoExp/NAL_sm/report/report.tex:236: Missing $ inserted.
<inserted text> 
                $
l.236 
      
I've inserted a begin-math/end-math symbol since I think
you left one out. Proceed, with fingers crossed.


Overfull \hbox (35.39877pt too wide) in paragraph at lines 226--236
\T1/cmr/m/n/10 - R$[]\OML/cmm/m/it/10 rrivalratenottakenintoaccount \OMS/cmsy/m/n/10 ^^@ \OML/cmm/m/it/10 algorithm\OT1/cmr/m/n/10 2\OML/cmm/m/it/10 definedthecalculaytionoftheoptimalcwndasBDP \OT1/cmr/m/n/10 + \OML/cmm/m/it/10 queue[]ize \OMS/cmsy/m/n/10 ^^@
 []


Overfull \hbox (999.46649pt too wide) in paragraph at lines 226--236
\OT1/cmr/m/n/10 1\OML/cmm/m/it/10 MSS; however; whenthepacketfromthetcpapplicationarrivesfasterthanthetoken[]eneration[]ate; itwillaccumulateintheqdiscqueue:Whenwearecalculatingtheoptimalcwndsize; weneedtosubtractthisaccumulatedpacketsfromtherealqueuesize\OT1/cmr/m/n/10 (\OML/cmm/m/it/10 asthisistheactualamountthatwecouldincreasethecwndtoaccumulate\OT1/cmr/m/n/10 )\OML/cmm/m/it/10 EssentiallyBDP \OMS/cmsy/m/n/10 ^^@
 []


Overfull \hbox (72.43736pt too wide) in paragraph at lines 226--236
\OML/cmm/m/it/10 howmanybytescanbeonflyforeachRTTQ[]enality \OMS/cmsy/m/n/10 ^^@ \OML/cmm/m/it/10 howmanybytesaccumulatesintheqdiscqueueineachRTTQ[]ffective \OMS/cmsy/m/n/10 ^^@
 []


Overfull \hbox (766.15746pt too wide) in paragraph at lines 226--236
\OML/cmm/m/it/10 howmanybytescanthequeuestillaccumulate\OT1/cmr/m/n/10 [11 : 42]\OML/cmm/m/it/10 Rathertheproblemthatwas; whenwesetthecwndsobig; TCPwassendingdatatotheTBFsofastthat; thequeuegetsfilliesuptooquickly; causingtheempiricalcwndtobeusuallysmallerthanthetheoreticalcwnd:Becauseweoverestimated:$ 
 []

[3]
/mnt/c/Users/chen2/OneDrive/Desktop/EPFL/MA2/NAL project/AutoExp/NAL_sm/report/report.tex:270: Misplaced alignment tab character &.
l.270 ...he BDP when we have balanced queue size &
                                                  & burst, however
I can't figure out why you would want to use a tab mark
here. If you just want an ampersand, the remedy is
simple: Just type `I\&' now. But if some right brace
up above has ended a previous alignment prematurely,
you're probably due for more error messages, and you
might try typing `S' now just to see what is salvageable.

/mnt/c/Users/chen2/OneDrive/Desktop/EPFL/MA2/NAL project/AutoExp/NAL_sm/report/report.tex:270: Misplaced alignment tab character &.
l.270 ...e BDP when we have balanced queue size &&
                                                   burst, however
I can't figure out why you would want to use a tab mark
here. If you just want an ampersand, the remedy is
simple: Just type `I\&' now. But if some right brace
up above has ended a previous alignment prematurely,
you're probably due for more error messages, and you
might try typing `S' now just to see what is salvageable.

/mnt/c/Users/chen2/OneDrive/Desktop/EPFL/MA2/NAL project/AutoExp/NAL_sm/report/report.tex:271: Missing $ inserted.
<inserted text> 
                $
l.271 ...stimate the empirical rwnd because the r_
                                                  arrival rate
I've inserted a begin-math/end-math symbol since I think
you left one out. Proceed, with fingers crossed.

/mnt/c/Users/chen2/OneDrive/Desktop/EPFL/MA2/NAL project/AutoExp/NAL_sm/report/report.tex:275: Missing $ inserted.
<inserted text> 
                $
l.275 
      
I've inserted a begin-math/end-math symbol since I think
you left one out. Proceed, with fingers crossed.


Overfull \hbox (235.61552pt too wide) in paragraph at lines 270--275
\T1/cmr/m/n/10 em-pir-i-cal rwnd be-cause the r$[]\OML/cmm/m/it/10 rrivalrateisnottakenintoaccount \OT1/cmr/m/n/10 =\OML/cmm/m/it/10 > thesetup \OT1/cmr/m/n/10 : 1\OML/cmm/m/it/10 ; \OT1/cmr/m/n/10 2\OML/cmm/m/it/10 ms\OT1/cmr/m/n/10 (\OML/cmm/m/it/10 so\OT1/cmr/m/n/10 3\OML/cmm/m/it/10 RTTS\OT1/cmr/m/n/10 )\OML/cmm/m/it/10 ofreplayswheretheserversendsasfastaspossiblecappedat\OT1/cmr/m/n/10 1\OML/cmm/m/it/10 Gib$ 
 []

[4] (./report.aux)
 ***********
LaTeX2e <2023-11-01> patch level 1
L3 programming layer <2024-01-22>
 ***********
 ) 
Here is how much of TeX's memory you used:
 14828 strings out of 476182
 247393 string characters out of 5795595
 1938975 words of memory out of 5000000
 36573 multiletter control sequences out of 15000+600000
 564691 words of font info for 46 fonts, out of 8000000 for 9000
 14 hyphenation exceptions out of 8191
 94i,11n,93p,405b,452s stack positions out of 10000i,1000n,20000p,200000b,200000s
</usr/share/texlive/texmf-dist/fonts/type1/public/amsfonts/cm/cmmi10.pfb></usr/share/texlive/texmf-dist/fonts/type1/public/amsfonts/cm/cmmi7.pfb></usr/share/texlive/texmf-dist/fonts/type1/public/amsfonts/cm/cmr10.pfb></usr/share/texlive/texmf-dist/fonts/type1/public/amsfonts/cm/cmsy10.pfb></usr/share/texmf/fonts/type1/public/cm-super/sfbx1000.pfb></usr/share/texmf/fonts/type1/public/cm-super/sfbx1200.pfb></usr/share/texmf/fonts/type1/public/cm-super/sfbx1440.pfb></usr/share/texmf/fonts/type1/public/cm-super/sfbx2488.pfb></usr/share/texmf/fonts/type1/public/cm-super/sfrm1000.pfb></usr/share/texmf/fonts/type1/public/cm-super/sfrm1200.pfb>
Output written on report.pdf (4 pages, 163438 bytes).
PDF statistics:
 108 PDF objects out of 1000 (max. 8388607)
 81 compressed objects within 1 object stream
 29 named destinations out of 1000 (max. 500000)
 13 words of extra memory for PDF output out of 10000 (max. 10000000)

