
==> Resetting TBF on eno1

==> Applying TBF: rate=750Mbit burst=50000b limit=23360b

==> Initializing my_cca with CWND limit 20

==> Initializing my_cca with CWND: 20

==> Checking sudo access
This script may ask for your sudo password to sign, unload, and load the kernel module.

==> Checking whether my_cca is already loaded

==> Unloading existing my_cca

==> Building my_cca
make -C /lib/modules/5.15.0-179-generic/build M=/home/nal/NAL_edwin_sm/client_server/custom_cca modules
make[1]: Entering directory '/usr/src/linux-headers-5.15.0-179-generic'
make[1]: Leaving directory '/usr/src/linux-headers-5.15.0-179-generic'

==> Signing my_cca.ko

==> Loading my_cca.ko

==> Verifying TCP congestion control list
net.ipv4.tcp_allowed_congestion_control = reno cubic my_cca

Success: my_cca is loaded and available to the TCP stack.

==> Refreshing sudo access for background extractors

==> Starting server. Connect the client to 0.0.0.0:9000
Generating 1073741824 GB of zeros
Started log extractor with PID 769593
Listening on 0.0.0.0:9000 ...
Client connected from ('192.168.88.253', 59056)
Set SO_MAX_PACING_RATE to 125000000 bytes/s (1000.00 Mbit/s)
Started R_arrival extractor with PID 769844
Sent 1073741824 bytes in 12.08s (84.74 MiB/s)
After slow start: 84.74 MiB/s over 12.07s (bytes_acked)
Stopped R_arrival extractor
Stopped log extractor

==> Creating output directory /home/nal/NAL_edwin_sm/client_server/DB/1GB/1GB_59056_20

==> Filtering kernel log for 192.168.88.253:59056
Wrote 3190 matching rows to /home/nal/NAL_edwin_sm/client_server/DB/1GB/1GB_59056_20/filtered_context.csv

==> Extracting CSV summary
Wrote JSON summary for 3190 CSV rows to /home/nal/NAL_edwin_sm/client_server/DB/1GB/1GB_59056_20/ip_info.json

==> Creating CWND graph
Found 163 sharktooth edges with drop threshold 10
Average top cwnd: 19.85
Average bottom cwnd: 9.85
Saved graph with 500 samples from /home/nal/NAL_edwin_sm/client_server/DB/1GB/1GB_59056_20/filtered_context.csv to /home/nal/NAL_edwin_sm/client_server/DB/1GB/1GB_59056_20/cwnd_192_168_88_253_59056.png

==> Done
Results: /home/nal/NAL_edwin_sm/client_server/DB/1GB/1GB_59056_20
Client: 192.168.88.253:59056
Elapsed seconds: 12.083923578262329
Drop rate: 0.349530 (1115/3190 loss_recovery rows)
Drop rate incl. fast retransmit: 0.349530 (1115/3190 loss_recovery + fast_retransmit rows)
post_slow_start_mbit_per_second: 710.880472
post_slow_start_mib_per_second: 84.743556
Server throughput interval: After slow start: 84.74 MiB/s over 12.07s (bytes_acked)
