
==> Resetting TBF on eno1

==> Applying TBF: rate=1000Mbit burst=25000b limit=12500b

==> Initializing my_cca with CWND limit 34

==> Initializing my_cca with CWND: 34

==> Checking sudo access
This script may ask for your sudo password to sign, unload, and load the kernel module.

==> Checking whether my_cca is already loaded

==> Unloading existing my_cca

==> Building my_cca
make -C /lib/modules/5.15.0-179-generic/build M=/home/nal/NAL_edwin_sm/client_server/custom_cca modules
make[1]: Entering directory '/usr/src/linux-headers-5.15.0-179-generic'
make[1]: Leaving directory '/usr/src/linux-headers-5.15.0-179-generic'

==> Signing my_cca.ko

==> Loading my_cca.ko

==> Verifying TCP congestion control list
net.ipv4.tcp_allowed_congestion_control = reno cubic my_cca

Success: my_cca is loaded and available to the TCP stack.

==> Refreshing sudo access for background extractors

==> Starting server. Connect the client to 0.0.0.0:9000
Generating 1073741824 GB of zeros
Started log extractor with PID 2421612
Listening on 0.0.0.0:9000 ...
Client connected from ('192.168.88.253', 35616)
Set SO_MAX_PACING_RATE to 125000000 bytes/s (1000.00 Mbit/s)
Started R_arrival extractor with PID 2421825
Sent 1073741824 bytes in 21.57s (47.47 MiB/s)
After slow start: 47.44 MiB/s over 21.56s (bytes_acked)
Stopped R_arrival extractor
Stopped log extractor

==> Creating output directory /home/nal/NAL_edwin_sm/client_server/DB/1GB/1GB_35616_34

==> Filtering kernel log for 192.168.88.253:35616
Wrote 12377 matching rows to /home/nal/NAL_edwin_sm/client_server/DB/1GB/1GB_35616_34/filtered_context.csv

==> Extracting CSV summary
Wrote JSON summary for 12377 CSV rows to /home/nal/NAL_edwin_sm/client_server/DB/1GB/1GB_35616_34/ip_info.json

==> Creating CWND graph
Found 93 sharktooth edges with drop threshold 10
Average top cwnd: 19.69
Average bottom cwnd: 9.51
Saved graph with 500 samples from /home/nal/NAL_edwin_sm/client_server/DB/1GB/1GB_35616_34/filtered_context.csv to /home/nal/NAL_edwin_sm/client_server/DB/1GB/1GB_35616_34/cwnd_192_168_88_253_35616.png

==> Done
Results: /home/nal/NAL_edwin_sm/client_server/DB/1GB/1GB_35616_34
Client: 192.168.88.253:35616
Elapsed seconds: 21.57059645652771
Drop rate: 0.402521 (4982/12377 loss_recovery rows)
Drop rate incl. fast retransmit: 0.402521 (4982/12377 loss_recovery + fast_retransmit rows)
post_slow_start_mbit_per_second: 397.993230
post_slow_start_mib_per_second: 47.444490
Server after slow start: After slow start: 47.44 MiB/s over 21.56s (bytes_acked)
