
==> Resetting TBF on eno1

==> Applying TBF: rate=1000Mbit burst=5840b limit=50000b

==> Initializing my_cca with CWND limit 41

==> Initializing my_cca with CWND: 41

==> Checking sudo access
This script may ask for your sudo password to sign, unload, and load the kernel module.

==> Checking whether my_cca is already loaded

==> Unloading existing my_cca

==> Building my_cca
make -C /lib/modules/5.15.0-179-generic/build M=/home/nal/NAL_edwin_sm/client_server/custom_cca modules
make[1]: Entering directory '/usr/src/linux-headers-5.15.0-179-generic'
make[1]: Leaving directory '/usr/src/linux-headers-5.15.0-179-generic'

==> Signing my_cca.ko

==> Loading my_cca.ko

==> Verifying TCP congestion control list
net.ipv4.tcp_allowed_congestion_control = reno cubic my_cca

Success: my_cca is loaded and available to the TCP stack.

==> Refreshing sudo access for background extractors

==> Starting server. Connect the client to 0.0.0.0:9000
Generating 1073741824 GB of zeros
Started log extractor with PID 4128141
Listening on 0.0.0.0:9000 ...
Client connected from ('192.168.88.253', 36446)
Set SO_MAX_PACING_RATE to 125000000 bytes/s (1000.00 Mbit/s)
Started R_arrival extractor with PID 4128371
Sent 1073741824 bytes in 9.41s (108.83 MiB/s)
After slow start: 108.92 MiB/s over 9.28s (bytes_acked)
Stopped R_arrival extractor
Stopped log extractor

==> Creating output directory /home/nal/NAL_edwin_sm/client_server/DB/1GB/1GB_36446_41

==> Filtering kernel log for 192.168.88.253:36446
Wrote 3100 matching rows to /home/nal/NAL_edwin_sm/client_server/DB/1GB/1GB_36446_41/filtered_context.csv

==> Extracting CSV summary
Wrote JSON summary for 3100 CSV rows to /home/nal/NAL_edwin_sm/client_server/DB/1GB/1GB_36446_41/ip_info.json

==> Creating CWND graph
Found 14 sharktooth edges with drop threshold 10
Average top cwnd: 39.86
Average bottom cwnd: 25.64
Saved graph with 500 samples from /home/nal/NAL_edwin_sm/client_server/DB/1GB/1GB_36446_41/filtered_context.csv to /home/nal/NAL_edwin_sm/client_server/DB/1GB/1GB_36446_41/cwnd_192_168_88_253_36446.png

==> Done
Results: /home/nal/NAL_edwin_sm/client_server/DB/1GB/1GB_36446_41
Client: 192.168.88.253:36446
Elapsed seconds: 9.40920877456665
Drop rate: 0.000000 (0/3100 loss_recovery rows)
Drop rate incl. fast retransmit: 0.031935 (99/3100 loss_recovery + fast_retransmit rows)
post_slow_start_mbit_per_second: 913.660856
post_slow_start_mib_per_second: 108.916861
Server after slow start: After slow start: 108.92 MiB/s over 9.28s (bytes_acked)
