
==> Resetting TBF on eno1

==> Applying TBF: rate=1000Mbit burst=50000b limit=25000b

==> Initializing my_cca with CWND limit 37

==> Initializing my_cca with CWND: 37

==> Checking sudo access
This script may ask for your sudo password to sign, unload, and load the kernel module.

==> Checking whether my_cca is already loaded

==> Unloading existing my_cca

==> Building my_cca
make -C /lib/modules/5.15.0-179-generic/build M=/home/nal/NAL_edwin_sm/client_server/custom_cca modules
make[1]: Entering directory '/usr/src/linux-headers-5.15.0-179-generic'
make[1]: Leaving directory '/usr/src/linux-headers-5.15.0-179-generic'

==> Signing my_cca.ko

==> Loading my_cca.ko

==> Verifying TCP congestion control list
net.ipv4.tcp_allowed_congestion_control = reno cubic my_cca

Success: my_cca is loaded and available to the TCP stack.

==> Refreshing sudo access for background extractors

==> Starting server. Connect the client to 0.0.0.0:9000
Generating 1073741824 GB of zeros
Started log extractor with PID 3571172
Listening on 0.0.0.0:9000 ...
Client connected from ('192.168.88.253', 57210)
Set SO_MAX_PACING_RATE to 125000000 bytes/s (1000.00 Mbit/s)
Started R_arrival extractor with PID 3571441
Sent 1073741824 bytes in 11.57s (88.53 MiB/s)
After slow start: 88.51 MiB/s over 11.56s (bytes_acked)
Stopped R_arrival extractor
Stopped log extractor

==> Creating output directory /home/nal/NAL_edwin_sm/client_server/DB/1GB/1GB_57210_37

==> Filtering kernel log for 192.168.88.253:57210
Wrote 4174 matching rows to /home/nal/NAL_edwin_sm/client_server/DB/1GB/1GB_57210_37/filtered_context.csv

==> Extracting CSV summary
Wrote JSON summary for 4174 CSV rows to /home/nal/NAL_edwin_sm/client_server/DB/1GB/1GB_57210_37/ip_info.json

==> Creating CWND graph
/home/nal/NAL_edwin_sm/client_server/AnalysisPhase/extract_ip_cwnd.py:267: UserWarning: Creating legend with loc="best" can be slow with large amounts of data.
  fig.tight_layout()
/home/nal/NAL_edwin_sm/client_server/AnalysisPhase/extract_ip_cwnd.py:268: UserWarning: Creating legend with loc="best" can be slow with large amounts of data.
  fig.savefig(output_path, dpi=150)
Found 143 sharktooth edges with drop threshold 10
Average top cwnd: 35.69
Average bottom cwnd: 17.57
Saved graph with 500 samples from /home/nal/NAL_edwin_sm/client_server/DB/1GB/1GB_57210_37/filtered_context.csv to /home/nal/NAL_edwin_sm/client_server/DB/1GB/1GB_57210_37/cwnd_192_168_88_253_57210.png

==> Done
Results: /home/nal/NAL_edwin_sm/client_server/DB/1GB/1GB_57210_37
Client: 192.168.88.253:57210
Elapsed seconds: 11.56700873374939
Drop rate: 0.193100 (806/4174 loss_recovery rows)
Drop rate incl. fast retransmit: 0.193100 (806/4174 loss_recovery + fast_retransmit rows)
post_slow_start_mbit_per_second: 742.438160
post_slow_start_mib_per_second: 88.505526
Server after slow start: After slow start: 88.51 MiB/s over 11.56s (bytes_acked)
