
==> Resetting TBF on eno1

==> Applying TBF: rate=1000Mbit burst=5840b limit=46720b

==> Initializing my_cca with CWND limit 40

==> Initializing my_cca with CWND: 40

==> Checking sudo access
This script may ask for your sudo password to sign, unload, and load the kernel module.

==> Checking whether my_cca is already loaded

==> Unloading existing my_cca

==> Building my_cca
make -C /lib/modules/5.15.0-179-generic/build M=/home/nal/NAL_edwin_sm/client_server/custom_cca modules
make[1]: Entering directory '/usr/src/linux-headers-5.15.0-179-generic'
make[1]: Leaving directory '/usr/src/linux-headers-5.15.0-179-generic'

==> Signing my_cca.ko

==> Loading my_cca.ko

==> Verifying TCP congestion control list
net.ipv4.tcp_allowed_congestion_control = reno cubic my_cca

Success: my_cca is loaded and available to the TCP stack.

==> Refreshing sudo access for background extractors

==> Starting server. Connect the client to 0.0.0.0:9000
Generating 1073741824 GB of zeros
Started log extractor with PID 1349377
Listening on 0.0.0.0:9000 ...
Client connected from ('192.168.88.253', 50140)
Set SO_MAX_PACING_RATE to 125000000 bytes/s (1000.00 Mbit/s)
Started R_arrival extractor with PID 1349553
Sent 1073741824 bytes in 12.53s (81.75 MiB/s)
After slow start: 81.76 MiB/s over 12.51s (bytes_acked)
Stopped R_arrival extractor
Stopped log extractor

==> Creating output directory /home/nal/NAL_edwin_sm/client_server/DB/1GB/1GB_50140_40

==> Filtering kernel log for 192.168.88.253:50140
Wrote 2574 matching rows to /home/nal/NAL_edwin_sm/client_server/DB/1GB/1GB_50140_40/filtered_context.csv

==> Extracting CSV summary
Wrote JSON summary for 2574 CSV rows to /home/nal/NAL_edwin_sm/client_server/DB/1GB/1GB_50140_40/ip_info.json

==> Creating CWND graph
Found 80 sharktooth edges with drop threshold 10
Average top cwnd: 35.10
Average bottom cwnd: 22.60
Saved graph with 500 samples from /home/nal/NAL_edwin_sm/client_server/DB/1GB/1GB_50140_40/filtered_context.csv to /home/nal/NAL_edwin_sm/client_server/DB/1GB/1GB_50140_40/cwnd_192_168_88_253_50140.png

==> Done
Results: /home/nal/NAL_edwin_sm/client_server/DB/1GB/1GB_50140_40
Client: 192.168.88.253:50140
Elapsed seconds: 12.526689052581787
Drop rate: 0.000000 (0/2574 loss_recovery rows)
Drop rate incl. fast retransmit: 0.207071 (533/2574 loss_recovery + fast_retransmit rows)
post_slow_start_mbit_per_second: 685.835385
post_slow_start_mib_per_second: 81.757949
Server throughput interval: After slow start: 81.76 MiB/s over 12.51s (bytes_acked)
