
==> Resetting TBF on eno1

==> Applying TBF: rate=750Mbit burst=50000b limit=93440b

==> Initializing my_cca with CWND limit 62

==> Initializing my_cca with CWND: 62

==> Checking sudo access
This script may ask for your sudo password to sign, unload, and load the kernel module.

==> Checking whether my_cca is already loaded

==> Unloading existing my_cca

==> Building my_cca
make -C /lib/modules/5.15.0-179-generic/build M=/home/nal/NAL_edwin_sm/client_server/custom_cca modules
make[1]: Entering directory '/usr/src/linux-headers-5.15.0-179-generic'
make[1]: Leaving directory '/usr/src/linux-headers-5.15.0-179-generic'

==> Signing my_cca.ko

==> Loading my_cca.ko

==> Verifying TCP congestion control list
net.ipv4.tcp_allowed_congestion_control = reno cubic my_cca

Success: my_cca is loaded and available to the TCP stack.

==> Refreshing sudo access for background extractors

==> Starting server. Connect the client to 0.0.0.0:9000
Generating 1073741824 GB of zeros
Started log extractor with PID 3146076
Listening on 0.0.0.0:9000 ...
Client connected from ('192.168.88.253', 48202)
Set SO_MAX_PACING_RATE to 125000000 bytes/s (1000.00 Mbit/s)
Started R_arrival extractor with PID 3146300
Sent 1073741824 bytes in 12.24s (83.68 MiB/s)
After slow start: 83.66 MiB/s over 12.18s (bytes_acked)
Stopped R_arrival extractor
Stopped log extractor

==> Creating output directory /home/nal/NAL_edwin_sm/client_server/DB/1GB/1GB_48202_62

==> Filtering kernel log for 192.168.88.253:48202
Wrote 398 matching rows to /home/nal/NAL_edwin_sm/client_server/DB/1GB/1GB_48202_62/filtered_context.csv

==> Extracting CSV summary
Wrote JSON summary for 398 CSV rows to /home/nal/NAL_edwin_sm/client_server/DB/1GB/1GB_48202_62/ip_info.json

==> Creating CWND graph
Found 8 sharktooth edges with drop threshold 10
Average top cwnd: 62.00
Average bottom cwnd: 31.62
Saved graph with 398 samples from /home/nal/NAL_edwin_sm/client_server/DB/1GB/1GB_48202_62/filtered_context.csv to /home/nal/NAL_edwin_sm/client_server/DB/1GB/1GB_48202_62/cwnd_192_168_88_253_48202.png

==> Done
Results: /home/nal/NAL_edwin_sm/client_server/DB/1GB/1GB_48202_62
Client: 192.168.88.253:48202
Elapsed seconds: 12.236568212509155
Drop rate: 0.020101 (8/398 loss_recovery rows)
Drop rate incl. fast retransmit: 0.020101 (8/398 loss_recovery + fast_retransmit rows)
post_slow_start_mbit_per_second: 701.803592
post_slow_start_mib_per_second: 83.661508
Server throughput interval: After slow start: 83.66 MiB/s over 12.18s (bytes_acked)
