
==> Resetting TBF on eno1

==> Applying TBF: rate=500Mbit burst=5840b limit=5840b

==> Initializing my_cca with CWND limit 18

==> Initializing my_cca with CWND: 18

==> Checking sudo access
This script may ask for your sudo password to sign, unload, and load the kernel module.

==> Checking whether my_cca is already loaded

==> Unloading existing my_cca

==> Building my_cca
make -C /lib/modules/5.15.0-179-generic/build M=/home/nal/NAL_edwin_sm/client_server/custom_cca modules
make[1]: Entering directory '/usr/src/linux-headers-5.15.0-179-generic'
make[1]: Leaving directory '/usr/src/linux-headers-5.15.0-179-generic'

==> Signing my_cca.ko

==> Loading my_cca.ko

==> Verifying TCP congestion control list
net.ipv4.tcp_allowed_congestion_control = reno cubic my_cca

Success: my_cca is loaded and available to the TCP stack.

==> Refreshing sudo access for background extractors

==> Starting server. Connect the client to 0.0.0.0:9000
Generating 1073741824 GB of zeros
Started log extractor with PID 3920436
Listening on 0.0.0.0:9000 ...
Client connected from ('192.168.88.253', 60216)
Set SO_MAX_PACING_RATE to 125000000 bytes/s (1000.00 Mbit/s)
Started R_arrival extractor with PID 3920697
Sent 1073741824 bytes in 25.75s (39.77 MiB/s)
After slow start: 39.77 MiB/s over 25.73s (bytes_acked)
Stopped R_arrival extractor
Stopped log extractor

==> Creating output directory /home/nal/NAL_edwin_sm/client_server/DB/1GB/1GB_60216_18

==> Filtering kernel log for 192.168.88.253:60216
Wrote 27154 matching rows to /home/nal/NAL_edwin_sm/client_server/DB/1GB/1GB_60216_18/filtered_context.csv

==> Extracting CSV summary
Wrote JSON summary for 27154 CSV rows to /home/nal/NAL_edwin_sm/client_server/DB/1GB/1GB_60216_18/ip_info.json

==> Creating CWND graph
Found 0 sharktooth edges with drop threshold 10
Average top cwnd: 0.00
Average bottom cwnd: 0.00
Saved graph with 500 samples from /home/nal/NAL_edwin_sm/client_server/DB/1GB/1GB_60216_18/filtered_context.csv to /home/nal/NAL_edwin_sm/client_server/DB/1GB/1GB_60216_18/cwnd_192_168_88_253_60216.png

==> Done
Results: /home/nal/NAL_edwin_sm/client_server/DB/1GB/1GB_60216_18
Client: 192.168.88.253:60216
Elapsed seconds: 25.748159885406494
Drop rate: 0.002873 (78/27154 loss_recovery rows)
Drop rate incl. fast retransmit: 0.470317 (12771/27154 loss_recovery + fast_retransmit rows)
post_slow_start_mbit_per_second: 333.587647
post_slow_start_mib_per_second: 39.766746
Server throughput interval: After slow start: 39.77 MiB/s over 25.73s (bytes_acked)
