
==> Resetting TBF on eno1

==> Applying TBF: rate=750Mbit burst=12500b limit=25000b

==> Initializing my_cca with CWND limit 30

==> Initializing my_cca with CWND: 30

==> Checking sudo access
This script may ask for your sudo password to sign, unload, and load the kernel module.

==> Checking whether my_cca is already loaded

==> Unloading existing my_cca

==> Building my_cca
make -C /lib/modules/5.15.0-179-generic/build M=/home/nal/NAL_edwin_sm/client_server/custom_cca modules
make[1]: Entering directory '/usr/src/linux-headers-5.15.0-179-generic'
make[1]: Leaving directory '/usr/src/linux-headers-5.15.0-179-generic'

==> Signing my_cca.ko

==> Loading my_cca.ko

==> Verifying TCP congestion control list
net.ipv4.tcp_allowed_congestion_control = reno cubic my_cca

Success: my_cca is loaded and available to the TCP stack.

==> Refreshing sudo access for background extractors

==> Starting server. Connect the client to 0.0.0.0:9000
Generating 1073741824 GB of zeros
Started log extractor with PID 2611448
Listening on 0.0.0.0:9000 ...
Client connected from ('192.168.88.253', 57370)
Set SO_MAX_PACING_RATE to 125000000 bytes/s (1000.00 Mbit/s)
Started R_arrival extractor with PID 2611708
Sent 1073741824 bytes in 12.49s (81.98 MiB/s)
After slow start: 81.98 MiB/s over 12.48s (bytes_acked)
Stopped R_arrival extractor
Stopped log extractor

==> Creating output directory /home/nal/NAL_edwin_sm/client_server/DB/1GB/1GB_57370_30

==> Filtering kernel log for 192.168.88.253:57370
Wrote 9347 matching rows to /home/nal/NAL_edwin_sm/client_server/DB/1GB/1GB_57370_30/filtered_context.csv

==> Extracting CSV summary
Wrote JSON summary for 9347 CSV rows to /home/nal/NAL_edwin_sm/client_server/DB/1GB/1GB_57370_30/ip_info.json

==> Creating CWND graph
/home/nal/NAL_edwin_sm/client_server/AnalysisPhase/extract_ip_cwnd.py:267: UserWarning: Creating legend with loc="best" can be slow with large amounts of data.
  fig.tight_layout()
/home/nal/NAL_edwin_sm/client_server/AnalysisPhase/extract_ip_cwnd.py:268: UserWarning: Creating legend with loc="best" can be slow with large amounts of data.
  fig.savefig(output_path, dpi=150)
Found 52 sharktooth edges with drop threshold 10
Average top cwnd: 22.87
Average bottom cwnd: 11.04
Saved graph with 500 samples from /home/nal/NAL_edwin_sm/client_server/DB/1GB/1GB_57370_30/filtered_context.csv to /home/nal/NAL_edwin_sm/client_server/DB/1GB/1GB_57370_30/cwnd_192_168_88_253_57370.png

==> Done
Results: /home/nal/NAL_edwin_sm/client_server/DB/1GB/1GB_57370_30
Client: 192.168.88.253:57370
Elapsed seconds: 12.490710496902466
Drop rate: 0.101209 (946/9347 loss_recovery rows)
Drop rate incl. fast retransmit: 0.362683 (3390/9347 loss_recovery + fast_retransmit rows)
post_slow_start_mbit_per_second: 687.657161
post_slow_start_mib_per_second: 81.975122
Server after slow start: After slow start: 81.98 MiB/s over 12.48s (bytes_acked)
