
==> Resetting TBF on eno1

==> Applying TBF: rate=500Mbit burst=25000b limit=6250b

==> Initializing my_cca with CWND limit 10

==> Initializing my_cca with CWND: 10

==> Checking sudo access
This script may ask for your sudo password to sign, unload, and load the kernel module.

==> Checking whether my_cca is already loaded

==> Unloading existing my_cca

==> Building my_cca
make -C /lib/modules/5.15.0-179-generic/build M=/home/nal/NAL_edwin_sm/client_server/custom_cca modules
make[1]: Entering directory '/usr/src/linux-headers-5.15.0-179-generic'
make[1]: Leaving directory '/usr/src/linux-headers-5.15.0-179-generic'

==> Signing my_cca.ko

==> Loading my_cca.ko

==> Verifying TCP congestion control list
net.ipv4.tcp_allowed_congestion_control = reno cubic my_cca

Success: my_cca is loaded and available to the TCP stack.

==> Refreshing sudo access for background extractors

==> Starting server. Connect the client to 0.0.0.0:9000
Generating 1073741824 GB of zeros
Started log extractor with PID 3603411
Listening on 0.0.0.0:9000 ...
Client connected from ('192.168.88.253', 35584)
Set SO_MAX_PACING_RATE to 125000000 bytes/s (1000.00 Mbit/s)
Started R_arrival extractor with PID 3603575
Sent 1073741824 bytes in 76.70s (13.35 MiB/s)
After slow start: 13.38 MiB/s over 76.47s (bytes_acked)
Stopped R_arrival extractor
Stopped log extractor

==> Creating output directory /home/nal/NAL_edwin_sm/client_server/DB/1GB/1GB_35584_10

==> Filtering kernel log for 192.168.88.253:35584
Wrote 37199 matching rows to /home/nal/NAL_edwin_sm/client_server/DB/1GB/1GB_35584_10/filtered_context.csv

==> Extracting CSV summary
Wrote JSON summary for 37199 CSV rows to /home/nal/NAL_edwin_sm/client_server/DB/1GB/1GB_35584_10/ip_info.json

==> Creating CWND graph
Found 0 sharktooth edges with drop threshold 10
Average top cwnd: 0.00
Average bottom cwnd: 0.00
Saved graph with 500 samples from /home/nal/NAL_edwin_sm/client_server/DB/1GB/1GB_35584_10/filtered_context.csv to /home/nal/NAL_edwin_sm/client_server/DB/1GB/1GB_35584_10/cwnd_192_168_88_253_35584.png

==> Done
Results: /home/nal/NAL_edwin_sm/client_server/DB/1GB/1GB_35584_10
Client: 192.168.88.253:35584
Elapsed seconds: 76.695077419281
Drop rate: 0.464905 (17294/37199 loss_recovery rows)
Drop rate incl. fast retransmit: 0.464905 (17294/37199 loss_recovery + fast_retransmit rows)
post_slow_start_mbit_per_second: 112.228005
post_slow_start_mib_per_second: 13.378621
Server after slow start: After slow start: 13.38 MiB/s over 76.47s (bytes_acked)
