
==> Resetting TBF on eno1

==> Applying TBF: rate=750Mbit burst=12500b limit=50000b

==> Initializing my_cca with CWND limit 51

==> Initializing my_cca with CWND: 51

==> Checking sudo access
This script may ask for your sudo password to sign, unload, and load the kernel module.

==> Checking whether my_cca is already loaded

==> Unloading existing my_cca

==> Building my_cca
make -C /lib/modules/5.15.0-179-generic/build M=/home/nal/NAL_edwin_sm/client_server/custom_cca modules
make[1]: Entering directory '/usr/src/linux-headers-5.15.0-179-generic'
make[1]: Leaving directory '/usr/src/linux-headers-5.15.0-179-generic'

==> Signing my_cca.ko

==> Loading my_cca.ko

==> Verifying TCP congestion control list
net.ipv4.tcp_allowed_congestion_control = reno cubic my_cca

Success: my_cca is loaded and available to the TCP stack.

==> Refreshing sudo access for background extractors

==> Starting server. Connect the client to 0.0.0.0:9000
Generating 1073741824 GB of zeros
Started log extractor with PID 1348798
Listening on 0.0.0.0:9000 ...
Client connected from ('192.168.88.253', 49100)
Set SO_MAX_PACING_RATE to 125000000 bytes/s (1000.00 Mbit/s)
Started R_arrival extractor with PID 1348990
Sent 1073741824 bytes in 12.38s (82.73 MiB/s)
After slow start: 82.71 MiB/s over 12.37s (bytes_acked)
Stopped R_arrival extractor
Stopped log extractor

==> Creating output directory /home/nal/NAL_edwin_sm/client_server/DB/1GB/1GB_49100_51

==> Filtering kernel log for 192.168.88.253:49100
Wrote 4976 matching rows to /home/nal/NAL_edwin_sm/client_server/DB/1GB/1GB_49100_51/filtered_context.csv

==> Extracting CSV summary
Wrote JSON summary for 4976 CSV rows to /home/nal/NAL_edwin_sm/client_server/DB/1GB/1GB_49100_51/ip_info.json

==> Creating CWND graph
Found 96 sharktooth edges with drop threshold 10
Average top cwnd: 41.76
Average bottom cwnd: 23.42
Saved graph with 500 samples from /home/nal/NAL_edwin_sm/client_server/DB/1GB/1GB_49100_51/filtered_context.csv to /home/nal/NAL_edwin_sm/client_server/DB/1GB/1GB_49100_51/cwnd_192_168_88_253_49100.png

==> Done
Results: /home/nal/NAL_edwin_sm/client_server/DB/1GB/1GB_49100_51
Client: 192.168.88.253:49100
Elapsed seconds: 12.378246545791626
Drop rate: 0.000000 (0/4976 loss_recovery rows)
Drop rate incl. fast retransmit: 0.232918 (1159/4976 loss_recovery + fast_retransmit rows)
post_slow_start_mbit_per_second: 693.840287
post_slow_start_mib_per_second: 82.712208
Server after slow start: After slow start: 82.71 MiB/s over 12.37s (bytes_acked)
