
==> Resetting TBF on eno1

==> Applying TBF: rate=250Mbit burst=50000b limit=25000b

==> Initializing my_cca with CWND limit 28

==> Initializing my_cca with CWND: 28

==> Checking sudo access
This script may ask for your sudo password to sign, unload, and load the kernel module.

==> Checking whether my_cca is already loaded

==> Unloading existing my_cca

==> Building my_cca
make -C /lib/modules/5.15.0-179-generic/build M=/home/nal/NAL_edwin_sm/client_server/custom_cca modules
make[1]: Entering directory '/usr/src/linux-headers-5.15.0-179-generic'
make[1]: Leaving directory '/usr/src/linux-headers-5.15.0-179-generic'

==> Signing my_cca.ko

==> Loading my_cca.ko

==> Verifying TCP congestion control list
net.ipv4.tcp_allowed_congestion_control = reno cubic my_cca

Success: my_cca is loaded and available to the TCP stack.

==> Refreshing sudo access for background extractors

==> Starting server. Connect the client to 0.0.0.0:9000
Generating 1073741824 GB of zeros
Started log extractor with PID 188188
Listening on 0.0.0.0:9000 ...
Client connected from ('192.168.88.253', 52484)
Set SO_MAX_PACING_RATE to 125000000 bytes/s (1000.00 Mbit/s)
Started R_arrival extractor with PID 188379
Sent 1073741824 bytes in 36.03s (28.42 MiB/s)
After slow start: 28.41 MiB/s over 36.00s (bytes_acked)
Stopped R_arrival extractor
Stopped log extractor

==> Creating output directory /home/nal/NAL_edwin_sm/client_server/DB/1GB/1GB_52484_28

==> Filtering kernel log for 192.168.88.253:52484
Wrote 11715 matching rows to /home/nal/NAL_edwin_sm/client_server/DB/1GB/1GB_52484_28/filtered_context.csv

==> Extracting CSV summary
Wrote JSON summary for 11715 CSV rows to /home/nal/NAL_edwin_sm/client_server/DB/1GB/1GB_52484_28/ip_info.json

==> Creating CWND graph
Found 68 sharktooth edges with drop threshold 10
Average top cwnd: 19.68
Average bottom cwnd: 9.46
Saved graph with 500 samples from /home/nal/NAL_edwin_sm/client_server/DB/1GB/1GB_52484_28/filtered_context.csv to /home/nal/NAL_edwin_sm/client_server/DB/1GB/1GB_52484_28/cwnd_192_168_88_253_52484.png

==> Done
Results: /home/nal/NAL_edwin_sm/client_server/DB/1GB/1GB_52484_28
Client: 192.168.88.253:52484
Elapsed seconds: 36.02901554107666
Drop rate: 0.411353 (4819/11715 loss_recovery rows)
Drop rate incl. fast retransmit: 0.411353 (4819/11715 loss_recovery + fast_retransmit rows)
post_slow_start_mbit_per_second: 238.356384
post_slow_start_mib_per_second: 28.414295
Server after slow start: After slow start: 28.41 MiB/s over 36.00s (bytes_acked)
