
==> Resetting TBF on eno1

==> Applying TBF: rate=1000Mbit burst=25000b limit=50000b

==> Initializing my_cca with CWND limit 46

==> Initializing my_cca with CWND: 46

==> Checking sudo access
This script may ask for your sudo password to sign, unload, and load the kernel module.

==> Checking whether my_cca is already loaded

==> Unloading existing my_cca

==> Building my_cca
make -C /lib/modules/5.15.0-179-generic/build M=/home/nal/NAL_edwin_sm/client_server/custom_cca modules
make[1]: Entering directory '/usr/src/linux-headers-5.15.0-179-generic'
make[1]: Leaving directory '/usr/src/linux-headers-5.15.0-179-generic'

==> Signing my_cca.ko

==> Loading my_cca.ko

==> Verifying TCP congestion control list
net.ipv4.tcp_allowed_congestion_control = reno cubic my_cca

Success: my_cca is loaded and available to the TCP stack.

==> Refreshing sudo access for background extractors

==> Starting server. Connect the client to 0.0.0.0:9000
Generating 1073741824 GB of zeros
Started log extractor with PID 2814581
Listening on 0.0.0.0:9000 ...
Client connected from ('192.168.88.253', 37606)
Set SO_MAX_PACING_RATE to 125000000 bytes/s (1000.00 Mbit/s)
Started R_arrival extractor with PID 2814703
Sent 1073741824 bytes in 9.15s (111.86 MiB/s)
After slow start: 111.85 MiB/s over 8.24s (bytes_acked)
Stopped R_arrival extractor
Stopped log extractor

==> Creating output directory /home/nal/NAL_edwin_sm/client_server/DB/1GB/1GB_37606_46

==> Filtering kernel log for 192.168.88.253:37606
Wrote 2813 matching rows to /home/nal/NAL_edwin_sm/client_server/DB/1GB/1GB_37606_46/filtered_context.csv

==> Extracting CSV summary
Wrote JSON summary for 2813 CSV rows to /home/nal/NAL_edwin_sm/client_server/DB/1GB/1GB_37606_46/ip_info.json

==> Creating CWND graph
Found 4 sharktooth edges with drop threshold 10
Average top cwnd: 41.25
Average bottom cwnd: 23.00
Saved graph with 500 samples from /home/nal/NAL_edwin_sm/client_server/DB/1GB/1GB_37606_46/filtered_context.csv to /home/nal/NAL_edwin_sm/client_server/DB/1GB/1GB_37606_46/cwnd_192_168_88_253_37606.png

==> Done
Results: /home/nal/NAL_edwin_sm/client_server/DB/1GB/1GB_37606_46
Client: 192.168.88.253:37606
Elapsed seconds: 9.154254913330078
Drop rate: 0.000000 (0/2813 loss_recovery rows)
Drop rate incl. fast retransmit: 0.009598 (27/2813 loss_recovery + fast_retransmit rows)
post_slow_start_mbit_per_second: 938.295654
post_slow_start_mib_per_second: 111.853558
Server after slow start: After slow start: 111.85 MiB/s over 8.24s (bytes_acked)
