
==> Resetting TBF on eno1

==> Applying TBF: rate=750Mbit burst=50000b limit=25000b

==> Initializing my_cca with CWND limit disabled

==> Initializing my_cca with CWND cap disabled

==> Checking sudo access
This script may ask for your sudo password to sign, unload, and load the kernel module.

==> Checking whether my_cca is already loaded

==> Unloading existing my_cca

==> Building my_cca
make -C /lib/modules/5.15.0-179-generic/build M=/home/nal/NAL_edwin_sm/client_server/custom_cca modules
make[1]: Entering directory '/usr/src/linux-headers-5.15.0-179-generic'
make[1]: Leaving directory '/usr/src/linux-headers-5.15.0-179-generic'

==> Signing my_cca.ko

==> Loading my_cca.ko

==> Verifying TCP congestion control list
net.ipv4.tcp_allowed_congestion_control = reno cubic my_cca

Success: my_cca is loaded and available to the TCP stack.

==> Refreshing sudo access for background extractors

==> Starting server. Connect the client to 0.0.0.0:9000
Generating 1073741824 GB of zeros
Started log extractor with PID 737200
Listening on 0.0.0.0:9000 ...
Client connected from ('192.168.88.253', 40540)
Set SO_MAX_PACING_RATE to 125000000 bytes/s (1000.00 Mbit/s)
Started R_arrival extractor with PID 737447
Sent 1073741824 bytes in 12.01s (85.26 MiB/s)
After slow start: 85.24 MiB/s over 12.00s (bytes_acked)
Stopped R_arrival extractor
Stopped log extractor

==> Creating output directory /home/nal/NAL_edwin_sm/client_server/DB/1GB/1GB_40540_0

==> Filtering kernel log for 192.168.88.253:40540
Wrote 10154 matching rows to /home/nal/NAL_edwin_sm/client_server/DB/1GB/1GB_40540_0/filtered_context.csv

==> Extracting CSV summary
Wrote JSON summary for 10154 CSV rows to /home/nal/NAL_edwin_sm/client_server/DB/1GB/1GB_40540_0/ip_info.json

==> Creating CWND graph
Found 176 sharktooth edges with drop threshold 10
Average top cwnd: 23.01
Average bottom cwnd: 11.32
Saved graph with 500 samples from /home/nal/NAL_edwin_sm/client_server/DB/1GB/1GB_40540_0/filtered_context.csv to /home/nal/NAL_edwin_sm/client_server/DB/1GB/1GB_40540_0/cwnd_192_168_88_253_40540.png

==> Done
Results: /home/nal/NAL_edwin_sm/client_server/DB/1GB/1GB_40540_0
Client: 192.168.88.253:40540
Elapsed seconds: 12.009934186935425
Drop rate: 0.367835 (3735/10154 loss_recovery rows)
Drop rate incl. fast retransmit: 0.367835 (3735/10154 loss_recovery + fast_retransmit rows)
post_slow_start_mbit_per_second: 715.054127
post_slow_start_mib_per_second: 85.241094
Server after slow start: After slow start: 85.24 MiB/s over 12.00s (bytes_acked)
