
==> Resetting TBF on eno1

==> Applying TBF: rate=750Mbit burst=25000b limit=23360b

==> Initializing my_cca with CWND limit 26

==> Initializing my_cca with CWND: 26

==> Checking sudo access
This script may ask for your sudo password to sign, unload, and load the kernel module.

==> Checking whether my_cca is already loaded

==> Unloading existing my_cca

==> Building my_cca
make -C /lib/modules/5.15.0-179-generic/build M=/home/nal/NAL_edwin_sm/client_server/custom_cca modules
make[1]: Entering directory '/usr/src/linux-headers-5.15.0-179-generic'
make[1]: Leaving directory '/usr/src/linux-headers-5.15.0-179-generic'

==> Signing my_cca.ko

==> Loading my_cca.ko

==> Verifying TCP congestion control list
net.ipv4.tcp_allowed_congestion_control = reno cubic my_cca

Success: my_cca is loaded and available to the TCP stack.

==> Refreshing sudo access for background extractors

==> Starting server. Connect the client to 0.0.0.0:9000
Generating 1073741824 GB of zeros
Started log extractor with PID 594298
Listening on 0.0.0.0:9000 ...
Client connected from ('192.168.88.253', 51954)
Set SO_MAX_PACING_RATE to 125000000 bytes/s (1000.00 Mbit/s)
Started R_arrival extractor with PID 594531
Sent 1073741824 bytes in 12.99s (78.84 MiB/s)
After slow start: 78.81 MiB/s over 12.90s (bytes_acked)
Stopped R_arrival extractor
Stopped log extractor

==> Creating output directory /home/nal/NAL_edwin_sm/client_server/DB/1GB/1GB_51954_26

==> Filtering kernel log for 192.168.88.253:51954
Wrote 3352 matching rows to /home/nal/NAL_edwin_sm/client_server/DB/1GB/1GB_51954_26/filtered_context.csv

==> Extracting CSV summary
Wrote JSON summary for 3352 CSV rows to /home/nal/NAL_edwin_sm/client_server/DB/1GB/1GB_51954_26/ip_info.json

==> Creating CWND graph
Found 101 sharktooth edges with drop threshold 10
Average top cwnd: 25.89
Average bottom cwnd: 12.92
Saved graph with 500 samples from /home/nal/NAL_edwin_sm/client_server/DB/1GB/1GB_51954_26/filtered_context.csv to /home/nal/NAL_edwin_sm/client_server/DB/1GB/1GB_51954_26/cwnd_192_168_88_253_51954.png

==> Done
Results: /home/nal/NAL_edwin_sm/client_server/DB/1GB/1GB_51954_26
Client: 192.168.88.253:51954
Elapsed seconds: 12.988894939422607
Drop rate: 0.324881 (1089/3352 loss_recovery rows)
Drop rate incl. fast retransmit: 0.324881 (1089/3352 loss_recovery + fast_retransmit rows)
post_slow_start_mbit_per_second: 661.114468
post_slow_start_mib_per_second: 78.810986
Server throughput interval: After slow start: 78.81 MiB/s over 12.90s (bytes_acked)
