
==> Resetting TBF on eno1

==> Applying TBF: rate=750Mbit burst=5840b limit=25000b

==> Initializing my_cca with CWND limit 41

==> Initializing my_cca with CWND: 41

==> Checking sudo access
This script may ask for your sudo password to sign, unload, and load the kernel module.

==> Checking whether my_cca is already loaded

==> Unloading existing my_cca

==> Building my_cca
make -C /lib/modules/5.15.0-179-generic/build M=/home/nal/NAL_edwin_sm/client_server/custom_cca modules
make[1]: Entering directory '/usr/src/linux-headers-5.15.0-179-generic'
make[1]: Leaving directory '/usr/src/linux-headers-5.15.0-179-generic'

==> Signing my_cca.ko

==> Loading my_cca.ko

==> Verifying TCP congestion control list
net.ipv4.tcp_allowed_congestion_control = reno cubic my_cca

Success: my_cca is loaded and available to the TCP stack.

==> Refreshing sudo access for background extractors

==> Starting server. Connect the client to 0.0.0.0:9000
Generating 1073741824 GB of zeros
Started log extractor with PID 1390791
Listening on 0.0.0.0:9000 ...
Client connected from ('192.168.88.253', 33762)
Set SO_MAX_PACING_RATE to 125000000 bytes/s (1000.00 Mbit/s)
Started R_arrival extractor with PID 1390913
Sent 1073741824 bytes in 14.86s (68.91 MiB/s)
After slow start: 68.89 MiB/s over 14.85s (bytes_acked)
Stopped R_arrival extractor
Stopped log extractor

==> Creating output directory /home/nal/NAL_edwin_sm/client_server/DB/1GB/1GB_33762_41

==> Filtering kernel log for 192.168.88.253:33762
Wrote 8736 matching rows to /home/nal/NAL_edwin_sm/client_server/DB/1GB/1GB_33762_41/filtered_context.csv

==> Extracting CSV summary
Wrote JSON summary for 8736 CSV rows to /home/nal/NAL_edwin_sm/client_server/DB/1GB/1GB_33762_41/ip_info.json

==> Creating CWND graph
/home/nal/NAL_edwin_sm/client_server/AnalysisPhase/extract_ip_cwnd.py:267: UserWarning: Creating legend with loc="best" can be slow with large amounts of data.
  fig.tight_layout()
/home/nal/NAL_edwin_sm/client_server/AnalysisPhase/extract_ip_cwnd.py:268: UserWarning: Creating legend with loc="best" can be slow with large amounts of data.
  fig.savefig(output_path, dpi=150)
Found 34 sharktooth edges with drop threshold 10
Average top cwnd: 22.15
Average bottom cwnd: 11.41
Saved graph with 500 samples from /home/nal/NAL_edwin_sm/client_server/DB/1GB/1GB_33762_41/filtered_context.csv to /home/nal/NAL_edwin_sm/client_server/DB/1GB/1GB_33762_41/cwnd_192_168_88_253_33762.png

==> Done
Results: /home/nal/NAL_edwin_sm/client_server/DB/1GB/1GB_33762_41
Client: 192.168.88.253:33762
Elapsed seconds: 14.860767602920532
Drop rate: 0.000000 (0/8736 loss_recovery rows)
Drop rate incl. fast retransmit: 0.351877 (3074/8736 loss_recovery + fast_retransmit rows)
post_slow_start_mbit_per_second: 577.889582
post_slow_start_mib_per_second: 68.889807
Server after slow start: After slow start: 68.89 MiB/s over 14.85s (bytes_acked)
