
==> Resetting TBF on eno1

==> Applying TBF: rate=1000Mbit burst=12500b limit=11680b

==> Initializing my_cca with CWND limit 35

==> Initializing my_cca with CWND: 35

==> Checking sudo access
This script may ask for your sudo password to sign, unload, and load the kernel module.

==> Checking whether my_cca is already loaded

==> Unloading existing my_cca

==> Building my_cca
make -C /lib/modules/5.15.0-179-generic/build M=/home/nal/NAL_edwin_sm/client_server/custom_cca modules
make[1]: Entering directory '/usr/src/linux-headers-5.15.0-179-generic'
make[1]: Leaving directory '/usr/src/linux-headers-5.15.0-179-generic'

==> Signing my_cca.ko

==> Loading my_cca.ko

==> Verifying TCP congestion control list
net.ipv4.tcp_allowed_congestion_control = reno cubic my_cca

Success: my_cca is loaded and available to the TCP stack.

==> Refreshing sudo access for background extractors

==> Starting server. Connect the client to 0.0.0.0:9000
Generating 1073741824 GB of zeros
Started log extractor with PID 3028354
Listening on 0.0.0.0:9000 ...
Client connected from ('192.168.88.253', 37862)
Set SO_MAX_PACING_RATE to 125000000 bytes/s (1000.00 Mbit/s)
Started R_arrival extractor with PID 3028496
Sent 1073741824 bytes in 44.53s (22.99 MiB/s)
After slow start: 22.98 MiB/s over 44.52s (bytes_acked)
Stopped R_arrival extractor
Stopped log extractor

==> Creating output directory /home/nal/NAL_edwin_sm/client_server/DB/1GB/1GB_37862_35

==> Filtering kernel log for 192.168.88.253:37862
Wrote 5531 matching rows to /home/nal/NAL_edwin_sm/client_server/DB/1GB/1GB_37862_35/filtered_context.csv

==> Extracting CSV summary
Wrote JSON summary for 5531 CSV rows to /home/nal/NAL_edwin_sm/client_server/DB/1GB/1GB_37862_35/ip_info.json

==> Creating CWND graph
Found 18 sharktooth edges with drop threshold 10
Average top cwnd: 19.11
Average bottom cwnd: 7.50
Saved graph with 500 samples from /home/nal/NAL_edwin_sm/client_server/DB/1GB/1GB_37862_35/filtered_context.csv to /home/nal/NAL_edwin_sm/client_server/DB/1GB/1GB_37862_35/cwnd_192_168_88_253_37862.png

==> Done
Results: /home/nal/NAL_edwin_sm/client_server/DB/1GB/1GB_37862_35
Client: 192.168.88.253:37862
Elapsed seconds: 44.533409118652344
Drop rate: 0.412041 (2279/5531 loss_recovery rows)
Drop rate incl. fast retransmit: 0.437715 (2421/5531 loss_recovery + fast_retransmit rows)
post_slow_start_mbit_per_second: 192.783439
post_slow_start_mib_per_second: 22.981577
Server throughput interval: After slow start: 22.98 MiB/s over 44.52s (bytes_acked)
