
==> Resetting TBF on eno1

==> Applying TBF: rate=500Mbit burst=5840b limit=25000b

==> Initializing my_cca with CWND limit disabled

==> Initializing my_cca with CWND cap disabled

==> Checking sudo access
This script may ask for your sudo password to sign, unload, and load the kernel module.

==> Checking whether my_cca is already loaded

==> Unloading existing my_cca

==> Building my_cca
make -C /lib/modules/5.15.0-179-generic/build M=/home/nal/NAL_edwin_sm/client_server/custom_cca modules
make[1]: Entering directory '/usr/src/linux-headers-5.15.0-179-generic'
make[1]: Leaving directory '/usr/src/linux-headers-5.15.0-179-generic'

==> Signing my_cca.ko

==> Loading my_cca.ko

==> Verifying TCP congestion control list
net.ipv4.tcp_allowed_congestion_control = reno cubic my_cca

Success: my_cca is loaded and available to the TCP stack.

==> Refreshing sudo access for background extractors

==> Starting server. Connect the client to 0.0.0.0:9000
Generating 1073741824 GB of zeros
Started log extractor with PID 1625473
Listening on 0.0.0.0:9000 ...
Client connected from ('192.168.88.253', 54384)
Set SO_MAX_PACING_RATE to 125000000 bytes/s (1000.00 Mbit/s)
Started R_arrival extractor with PID 1625598
Sent 1073741824 bytes in 18.19s (56.29 MiB/s)
After slow start: 56.27 MiB/s over 18.18s (bytes_acked)
Stopped R_arrival extractor
Stopped log extractor

==> Creating output directory /home/nal/NAL_edwin_sm/client_server/DB/1GB/1GB_54384_0

==> Filtering kernel log for 192.168.88.253:54384
Wrote 10717 matching rows to /home/nal/NAL_edwin_sm/client_server/DB/1GB/1GB_54384_0/filtered_context.csv

==> Extracting CSV summary
Wrote JSON summary for 10717 CSV rows to /home/nal/NAL_edwin_sm/client_server/DB/1GB/1GB_54384_0/ip_info.json

==> Creating CWND graph
Found 30 sharktooth edges with drop threshold 10
Average top cwnd: 20.30
Average bottom cwnd: 10.30
Saved graph with 500 samples from /home/nal/NAL_edwin_sm/client_server/DB/1GB/1GB_54384_0/filtered_context.csv to /home/nal/NAL_edwin_sm/client_server/DB/1GB/1GB_54384_0/cwnd_192_168_88_253_54384.png

==> Done
Results: /home/nal/NAL_edwin_sm/client_server/DB/1GB/1GB_54384_0
Client: 192.168.88.253:54384
Elapsed seconds: 18.190789937973022
Drop rate: 0.000280 (3/10717 loss_recovery rows)
Drop rate incl. fast retransmit: 0.358403 (3841/10717 loss_recovery + fast_retransmit rows)
post_slow_start_mbit_per_second: 472.047224
post_slow_start_mib_per_second: 56.272414
Server after slow start: After slow start: 56.27 MiB/s over 18.18s (bytes_acked)
