
==> Resetting TBF on eno1

==> Applying TBF: rate=250Mbit burst=12500b limit=25000b

==> Initializing my_cca with CWND limit 26

==> Initializing my_cca with CWND: 26

==> Checking sudo access
This script may ask for your sudo password to sign, unload, and load the kernel module.

==> Checking whether my_cca is already loaded

==> Unloading existing my_cca

==> Building my_cca
make -C /lib/modules/5.15.0-179-generic/build M=/home/nal/NAL_edwin_sm/client_server/custom_cca modules
make[1]: Entering directory '/usr/src/linux-headers-5.15.0-179-generic'
make[1]: Leaving directory '/usr/src/linux-headers-5.15.0-179-generic'

==> Signing my_cca.ko

==> Loading my_cca.ko

==> Verifying TCP congestion control list
net.ipv4.tcp_allowed_congestion_control = reno cubic my_cca

Success: my_cca is loaded and available to the TCP stack.

==> Refreshing sudo access for background extractors

==> Starting server. Connect the client to 0.0.0.0:9000
Generating 1073741824 GB of zeros
Started log extractor with PID 2039445
Listening on 0.0.0.0:9000 ...
Client connected from ('192.168.88.253', 45894)
Set SO_MAX_PACING_RATE to 125000000 bytes/s (1000.00 Mbit/s)
Started R_arrival extractor with PID 2039627
Sent 1073741824 bytes in 36.15s (28.33 MiB/s)
After slow start: 28.33 MiB/s over 36.12s (bytes_acked)
Stopped R_arrival extractor
Stopped log extractor

==> Creating output directory /home/nal/NAL_edwin_sm/client_server/DB/1GB/1GB_45894_26

==> Filtering kernel log for 192.168.88.253:45894
Wrote 11913 matching rows to /home/nal/NAL_edwin_sm/client_server/DB/1GB/1GB_45894_26/filtered_context.csv

==> Extracting CSV summary
Wrote JSON summary for 11913 CSV rows to /home/nal/NAL_edwin_sm/client_server/DB/1GB/1GB_45894_26/ip_info.json

==> Creating CWND graph
Found 66 sharktooth edges with drop threshold 10
Average top cwnd: 19.65
Average bottom cwnd: 9.30
Saved graph with 500 samples from /home/nal/NAL_edwin_sm/client_server/DB/1GB/1GB_45894_26/filtered_context.csv to /home/nal/NAL_edwin_sm/client_server/DB/1GB/1GB_45894_26/cwnd_192_168_88_253_45894.png

==> Done
Results: /home/nal/NAL_edwin_sm/client_server/DB/1GB/1GB_45894_26
Client: 192.168.88.253:45894
Elapsed seconds: 36.146949768066406
Drop rate: 0.283556 (3378/11913 loss_recovery rows)
Drop rate incl. fast retransmit: 0.437673 (5214/11913 loss_recovery + fast_retransmit rows)
post_slow_start_mbit_per_second: 237.607871
post_slow_start_mib_per_second: 28.325065
Server after slow start: After slow start: 28.33 MiB/s over 36.12s (bytes_acked)
