
==> Resetting TBF on eno1

==> Applying TBF: rate=750Mbit burst=100000b limit=46720b

==> Initializing my_cca with CWND limit 26

==> Initializing my_cca with CWND: 26

==> Checking sudo access
This script may ask for your sudo password to sign, unload, and load the kernel module.

==> Checking whether my_cca is already loaded

==> Unloading existing my_cca

==> Building my_cca
make -C /lib/modules/5.15.0-179-generic/build M=/home/nal/NAL_edwin_sm/client_server/custom_cca modules
make[1]: Entering directory '/usr/src/linux-headers-5.15.0-179-generic'
make[1]: Leaving directory '/usr/src/linux-headers-5.15.0-179-generic'

==> Signing my_cca.ko

==> Loading my_cca.ko

==> Verifying TCP congestion control list
net.ipv4.tcp_allowed_congestion_control = reno cubic my_cca

Success: my_cca is loaded and available to the TCP stack.

==> Refreshing sudo access for background extractors

==> Starting server. Connect the client to 0.0.0.0:9000
Generating 1073741824 GB of zeros
Started log extractor with PID 2533772
Listening on 0.0.0.0:9000 ...
Client connected from ('192.168.88.253', 45038)
Set SO_MAX_PACING_RATE to 125000000 bytes/s (1000.00 Mbit/s)
Started R_arrival extractor with PID 2533975
Sent 1073741824 bytes in 12.07s (84.87 MiB/s)
After cwnd cap reached: 84.86 MiB/s over 12.06s (bytes_acked)
Stopped R_arrival extractor
Stopped log extractor

==> Creating output directory /home/nal/NAL_edwin_sm/client_server/DB/1GB/1GB_45038_26

==> Filtering kernel log for 192.168.88.253:45038
Wrote 251 matching rows to /home/nal/NAL_edwin_sm/client_server/DB/1GB/1GB_45038_26/filtered_context.csv

==> Extracting CSV summary
Wrote JSON summary for 251 CSV rows to /home/nal/NAL_edwin_sm/client_server/DB/1GB/1GB_45038_26/ip_info.json

==> Creating CWND graph
Found 0 sharktooth edges with drop threshold 10
Average top cwnd: 0.00
Average bottom cwnd: 0.00
Saved graph with 251 samples from /home/nal/NAL_edwin_sm/client_server/DB/1GB/1GB_45038_26/filtered_context.csv to /home/nal/NAL_edwin_sm/client_server/DB/1GB/1GB_45038_26/cwnd_192_168_88_253_45038.png

==> Done
Results: /home/nal/NAL_edwin_sm/client_server/DB/1GB/1GB_45038_26
Client: 192.168.88.253:45038
Elapsed seconds: 12.065234899520874
Drop rate: 0.000000 (0/251 loss_recovery rows)
Drop rate incl. fast retransmit: 0.000000 (0/251 loss_recovery + fast_retransmit rows)
post_slow_start_mbit_per_second: 711.835735
post_slow_start_mib_per_second: 84.857432
Server throughput interval: After cwnd cap reached: 84.86 MiB/s over 12.06s (bytes_acked)
